<html>
<body>
<pre>
<h1>µVision Build Log</h1>
<h2>Tool Versions:</h2>
IDE-Version: ¦ÌVision V5.38.0.0
Copyright (C) 2022 ARM Ltd and ARM Germany GmbH. All rights reserved.
License Information: 1 zxz524-622@outlook.com, 1, LIC=9WSKC-7F57W-SBGEJ-UZLKC-4CULD-DGJKA
 
Tool Versions:
Toolchain:       MDK-ARM Plus  Version: 5.38.0.0
Toolchain Path:  E:\keil_v5\Core\ARM\ARMCC\Bin
C Compiler:      Armcc.exe V5.06 update 7 (build 960)
Assembler:       Armasm.exe V5.06 update 7 (build 960)
Linker/Locator:  ArmLink.exe V5.06 update 7 (build 960)
Library Manager: ArmAr.exe V5.06 update 7 (build 960)
Hex Converter:   FromElf.exe V5.06 update 7 (build 960)
CPU DLL:         SARMCM3.DLL V5.38.0.0
Dialog DLL:      DCM.DLL V1.17.5.0
Target DLL:      CMSIS_AGDI.dll V1.33.15.0
Dialog DLL:      TCM.DLL V1.56.4.0
 
<h2>Project:</h2>
E:\NEUQ_21\LED\gradution_project\Project\RVMDK£¨uv5£©\BH-F103.uvprojx
Project File Date:  03/29/2026

<h2>Output:</h2>
*** Using Compiler 'V5.06 update 7 (build 960)', folder: 'E:\keil_v5\Core\ARM\ARMCC\Bin'
Rebuild target 'LDC'
compiling system_stm32f10x.c...
compiling stm32f10x_adc.c...
compiling stm32f10x_exti.c...
compiling stm32f10x_fsmc.c...
compiling misc.c...
compiling stm32f10x_can.c...
compiling stm32f10x_cec.c...
compiling stm32f10x_crc.c...
compiling stm32f10x_dma.c...
compiling stm32f10x_dbgmcu.c...
compiling stm32f10x_dac.c...
compiling stm32f10x_bkp.c...
compiling stm32f10x_flash.c...
compiling stm32f10x_gpio.c...
compiling stm32f10x_i2c.c...
compiling stm32f10x_iwdg.c...
compiling stm32f10x_pwr.c...
compiling stm32f10x_spi.c...
compiling stm32f10x_rtc.c...
compiling stm32f10x_wwdg.c...
compiling stm32f10x_rcc.c...
compiling bsp_led.c...
compiling stm32f10x_sdio.c...
compiling stm32f10x_it.c...
compiling bsp_usart.c...
..\..\User\Z_JFC.h(32): warning:  #1-D: last line of file ends without a newline
  #endif
..\..\User\usart\bsp_usart.c(174): warning:  #1-D: last line of file ends without a newline
  }
..\..\User\usart\bsp_usart.c: 2 warnings, 0 errors
compiling stm32f10x_usart.c...
compiling main.c...
..\..\User\Z_screen.h(64): warning:  #1-D: last line of file ends without a newline
  #endif
..\..\User\Z_MAX.h(16): warning:  #1-D: last line of file ends without a newline
  #endif // __Z_MAX_H
..\..\User\Z_MLX.h(30): warning:  #1-D: last line of file ends without a newline
  #endif
..\..\User\Z_JFC.h(32): warning:  #1-D: last line of file ends without a newline
  #endif
..\..\User\Z_logo.h(9): warning:  #1-D: last line of file ends without a newline
  #endif
..\..\User\main.c: 5 warnings, 0 errors
compiling bsp_spi_flash.c...
assembling startup_stm32f10x_hd.s...
compiling stm32f10x_tim.c...
compiling bsp_ili9341_lcd.c...
compiling bsp_xpt2046_lcd.c...
compiling fonts.c...
compiling palette.c...
compiling delay.c...
compiling core_cm3.c...
compiling bsp_adc.c...
compiling max30102.c...
compiling Z_MAX.c...
..\..\User\Z_screen.h(64): warning:  #1-D: last line of file ends without a newline
  #endif
..\..\User\Z_MAX.h(16): warning:  #1-D: last line of file ends without a newline
  #endif // __Z_MAX_H
..\..\User\Z_MLX.h(30): warning:  #1-D: last line of file ends without a newline
  #endif
..\..\User\Z_JFC.h(32): warning:  #1-D: last line of file ends without a newline
  #endif
..\..\User\Z_logo.h(9): warning:  #1-D: last line of file ends without a newline
  #endif
..\..\User\Z_MAX.c(80): warning:  #1-D: last line of file ends without a newline
  // }
..\..\User\Z_MAX.c: 6 warnings, 0 errors
compiling Z_screen.c...
..\..\User\Z_screen.h(64): warning:  #1-D: last line of file ends without a newline
  #endif
..\..\User\Z_MAX.h(16): warning:  #1-D: last line of file ends without a newline
  #endif // __Z_MAX_H
..\..\User\Z_MLX.h(30): warning:  #1-D: last line of file ends without a newline
  #endif
..\..\User\Z_JFC.h(32): warning:  #1-D: last line of file ends without a newline
  #endif
..\..\User\Z_logo.h(9): warning:  #1-D: last line of file ends without a newline
  #endif
..\..\User\Z_screen.c: 5 warnings, 0 errors
compiling Z_MLX.c...
..\..\User\Z_screen.h(64): warning:  #1-D: last line of file ends without a newline
  #endif
..\..\User\Z_MAX.h(16): warning:  #1-D: last line of file ends without a newline
  #endif // __Z_MAX_H
..\..\User\Z_MLX.h(30): warning:  #1-D: last line of file ends without a newline
  #endif
..\..\User\Z_JFC.h(32): warning:  #1-D: last line of file ends without a newline
  #endif
..\..\User\Z_logo.h(9): warning:  #1-D: last line of file ends without a newline
  #endif
..\..\User\Z_MLX.c(77): warning:  #550-D: variable "pec"  was set but never used
      uint8_t pec;
..\..\User\Z_MLX.c(132): warning:  #1-D: last line of file ends without a newline
  }
..\..\User\Z_MLX.c: 7 warnings, 0 errors
compiling sys.c...
compiling AD8232.c...
compiling bsp_GeneralTim.c...
compiling Z_logo.c...
..\..\User\Z_screen.h(64): warning:  #1-D: last line of file ends without a newline
  #endif
..\..\User\Z_MAX.h(16): warning:  #1-D: last line of file ends without a newline
  #endif // __Z_MAX_H
..\..\User\Z_MLX.h(30): warning:  #1-D: last line of file ends without a newline
  #endif
..\..\User\Z_JFC.h(32): warning:  #1-D: last line of file ends without a newline
  #endif
..\..\User\Z_logo.h(9): warning:  #1-D: last line of file ends without a newline
  #endif
..\..\User\Z_logo.c(113): warning:  #1-D: last line of file ends without a newline
  }
..\..\User\Z_logo.c: 6 warnings, 0 errors
linking...
Program Size: Code=18064 RO-data=15888 RW-data=304 ZI-data=4616  
FromELF: creating hex file...
"..\..\Output\Template.axf" - 0 Error(s), 31 Warning(s).

<h2>Software Packages used:</h2>

Package Vendor: Keil
                https://www.keil.com/pack/Keil.STM32F1xx_DFP.2.4.1.pack
                Keil.STM32F1xx_DFP.2.4.1
                STMicroelectronics STM32F1 Series Device Support, Drivers and Examples

<h2>Collection of Component include folders:</h2>
  E:/keil_v5/Packs/Keil/STM32F1xx_DFP/2.4.1/Device/Include

<h2>Collection of Component Files used:</h2>
Build Time Elapsed:  00:00:03
</pre>
</body>
</html>
