Component: ARM Compiler 5.06 update 7 (build 960) Tool: armlink [4d3601]

==============================================================================

Section Cross References

    startup_stm32f10x_hd.o(RESET) refers to startup_stm32f10x_hd.o(STACK) for __initial_sp
    startup_stm32f10x_hd.o(RESET) refers to startup_stm32f10x_hd.o(.text) for Reset_Handler
    startup_stm32f10x_hd.o(RESET) refers to stm32f10x_it.o(i.NMI_Handler) for NMI_Handler
    startup_stm32f10x_hd.o(RESET) refers to stm32f10x_it.o(i.HardFault_Handler) for HardFault_Handler
    startup_stm32f10x_hd.o(RESET) refers to stm32f10x_it.o(i.MemManage_Handler) for MemManage_Handler
    startup_stm32f10x_hd.o(RESET) refers to stm32f10x_it.o(i.BusFault_Handler) for BusFault_Handler
    startup_stm32f10x_hd.o(RESET) refers to stm32f10x_it.o(i.UsageFault_Handler) for UsageFault_Handler
    startup_stm32f10x_hd.o(RESET) refers to stm32f10x_it.o(i.SVC_Handler) for SVC_Handler
    startup_stm32f10x_hd.o(RESET) refers to stm32f10x_it.o(i.DebugMon_Handler) for DebugMon_Handler
    startup_stm32f10x_hd.o(RESET) refers to stm32f10x_it.o(i.PendSV_Handler) for PendSV_Handler
    startup_stm32f10x_hd.o(RESET) refers to stm32f10x_it.o(i.SysTick_Handler) for SysTick_Handler
    startup_stm32f10x_hd.o(RESET) refers to bsp_usart.o(i.USART2_IRQHandler) for USART2_IRQHandler
    startup_stm32f10x_hd.o(RESET) refers to bsp_sdio_sdcard.o(i.SDIO_IRQHandler) for SDIO_IRQHandler
    startup_stm32f10x_hd.o(.text) refers to system_stm32f10x.o(i.SystemInit) for SystemInit
    startup_stm32f10x_hd.o(.text) refers to entry.o(.ARM.Collect$$$$00000000) for __main
    system_stm32f10x.o(i.SetSysClock) refers to system_stm32f10x.o(i.SetSysClockTo72) for SetSysClockTo72
    system_stm32f10x.o(i.SystemCoreClockUpdate) refers to system_stm32f10x.o(.data) for SystemCoreClock
    system_stm32f10x.o(i.SystemInit) refers to system_stm32f10x.o(i.SetSysClock) for SetSysClock
    stm32f10x_adc.o(i.ADC_DeInit) refers to stm32f10x_rcc.o(i.RCC_APB2PeriphResetCmd) for RCC_APB2PeriphResetCmd
    stm32f10x_bkp.o(i.BKP_DeInit) refers to stm32f10x_rcc.o(i.RCC_BackupResetCmd) for RCC_BackupResetCmd
    stm32f10x_can.o(i.CAN_DeInit) refers to stm32f10x_rcc.o(i.RCC_APB1PeriphResetCmd) for RCC_APB1PeriphResetCmd
    stm32f10x_can.o(i.CAN_GetITStatus) refers to stm32f10x_can.o(i.CheckITStatus) for CheckITStatus
    stm32f10x_cec.o(i.CEC_DeInit) refers to stm32f10x_rcc.o(i.RCC_APB1PeriphResetCmd) for RCC_APB1PeriphResetCmd
    stm32f10x_dac.o(i.DAC_DeInit) refers to stm32f10x_rcc.o(i.RCC_APB1PeriphResetCmd) for RCC_APB1PeriphResetCmd
    stm32f10x_flash.o(i.FLASH_EnableWriteProtection) refers to stm32f10x_flash.o(i.FLASH_WaitForLastOperation) for FLASH_WaitForLastOperation
    stm32f10x_flash.o(i.FLASH_EraseAllBank1Pages) refers to stm32f10x_flash.o(i.FLASH_WaitForLastBank1Operation) for FLASH_WaitForLastBank1Operation
    stm32f10x_flash.o(i.FLASH_EraseAllPages) refers to stm32f10x_flash.o(i.FLASH_WaitForLastOperation) for FLASH_WaitForLastOperation
    stm32f10x_flash.o(i.FLASH_EraseOptionBytes) refers to stm32f10x_flash.o(i.FLASH_GetReadOutProtectionStatus) for FLASH_GetReadOutProtectionStatus
    stm32f10x_flash.o(i.FLASH_EraseOptionBytes) refers to stm32f10x_flash.o(i.FLASH_WaitForLastOperation) for FLASH_WaitForLastOperation
    stm32f10x_flash.o(i.FLASH_ErasePage) refers to stm32f10x_flash.o(i.FLASH_WaitForLastOperation) for FLASH_WaitForLastOperation
    stm32f10x_flash.o(i.FLASH_ProgramHalfWord) refers to stm32f10x_flash.o(i.FLASH_WaitForLastOperation) for FLASH_WaitForLastOperation
    stm32f10x_flash.o(i.FLASH_ProgramOptionByteData) refers to stm32f10x_flash.o(i.FLASH_WaitForLastOperation) for FLASH_WaitForLastOperation
    stm32f10x_flash.o(i.FLASH_ProgramWord) refers to stm32f10x_flash.o(i.FLASH_WaitForLastOperation) for FLASH_WaitForLastOperation
    stm32f10x_flash.o(i.FLASH_ReadOutProtection) refers to stm32f10x_flash.o(i.FLASH_WaitForLastOperation) for FLASH_WaitForLastOperation
    stm32f10x_flash.o(i.FLASH_UserOptionByteConfig) refers to stm32f10x_flash.o(i.FLASH_WaitForLastOperation) for FLASH_WaitForLastOperation
    stm32f10x_flash.o(i.FLASH_WaitForLastBank1Operation) refers to stm32f10x_flash.o(i.FLASH_GetBank1Status) for FLASH_GetBank1Status
    stm32f10x_flash.o(i.FLASH_WaitForLastOperation) refers to stm32f10x_flash.o(i.FLASH_GetBank1Status) for FLASH_GetBank1Status
    stm32f10x_gpio.o(i.GPIO_AFIODeInit) refers to stm32f10x_rcc.o(i.RCC_APB2PeriphResetCmd) for RCC_APB2PeriphResetCmd
    stm32f10x_gpio.o(i.GPIO_DeInit) refers to stm32f10x_rcc.o(i.RCC_APB2PeriphResetCmd) for RCC_APB2PeriphResetCmd
    stm32f10x_i2c.o(i.I2C_DeInit) refers to stm32f10x_rcc.o(i.RCC_APB1PeriphResetCmd) for RCC_APB1PeriphResetCmd
    stm32f10x_i2c.o(i.I2C_Init) refers to stm32f10x_rcc.o(i.RCC_GetClocksFreq) for RCC_GetClocksFreq
    stm32f10x_pwr.o(i.PWR_DeInit) refers to stm32f10x_rcc.o(i.RCC_APB1PeriphResetCmd) for RCC_APB1PeriphResetCmd
[...]
    _printf_lli                              0x00000000   Number         0  stubs.o ABSOLUTE
    _printf_llo                              0x00000000   Number         0  stubs.o ABSOLUTE
    _printf_llu                              0x00000000   Number         0  stubs.o ABSOLUTE
    _printf_llx                              0x00000000   Number         0  stubs.o ABSOLUTE
    _printf_longlong_dec                     0x00000000   Number         0  stubs.o ABSOLUTE
    _printf_longlong_hex                     0x00000000   Number         0  stubs.o ABSOLUTE
    _printf_longlong_oct                     0x00000000   Number         0  stubs.o ABSOLUTE
    _printf_ls                               0x00000000   Number         0  stubs.o ABSOLUTE
    _printf_mbtowc                           0x00000000   Number         0  stubs.o ABSOLUTE
    _printf_n                                0x00000000   Number         0  stubs.o ABSOLUTE
    _printf_o                                0x00000000   Number         0  stubs.o ABSOLUTE
    _printf_p                                0x00000000   Number         0  stubs.o ABSOLUTE
    _printf_percent                          0x00000000   Number         0  stubs.o ABSOLUTE
    _printf_pre_padding                      0x00000000   Number         0  stubs.o ABSOLUTE
    _printf_return_value                     0x00000000   Number         0  stubs.o ABSOLUTE
    _printf_s                                0x00000000   Number         0  stubs.o ABSOLUTE
    _printf_sizespec                         0x00000000   Number         0  stubs.o ABSOLUTE
    _printf_str                              0x00000000   Number         0  stubs.o ABSOLUTE
    _printf_truncate_signed                  0x00000000   Number         0  stubs.o ABSOLUTE
    _printf_truncate_unsigned                0x00000000   Number         0  stubs.o ABSOLUTE
    _printf_u                                0x00000000   Number         0  stubs.o ABSOLUTE
    _printf_wc                               0x00000000   Number         0  stubs.o ABSOLUTE
    _printf_wctomb                           0x00000000   Number         0  stubs.o ABSOLUTE
    _printf_widthprec                        0x00000000   Number         0  stubs.o ABSOLUTE
    _printf_x                                0x00000000   Number         0  stubs.o ABSOLUTE
    __arm_fini_                               - Undefined Weak Reference
    __cpp_initialize__aeabi_                  - Undefined Weak Reference
    __cxa_finalize                            - Undefined Weak Reference
    _clock_init                               - Undefined Weak Reference
    _microlib_exit                            - Undefined Weak Reference
    _scanf_longlong                           - Undefined Weak Reference
    _scanf_string                             - Undefined Weak Reference
    __Vectors_Size                           0x00000130   Number         0  startup_stm32f10x_hd.o ABSOLUTE
    __Vectors                                0x08000000   Data           4  startup_stm32f10x_hd.o(RESET)
    __Vectors_End                            0x08000130   Data           0  startup_stm32f10x_hd.o(RESET)
    __main                                   0x08000131   Thumb Code     0  entry.o(.ARM.Collect$$$$00000000)
    _main_stk                                0x08000131   Thumb Code     0  entry2.o(.ARM.Collect$$$$00000001)
    _main_scatterload                        0x08000135   Thumb Code     0  entry5.o(.ARM.Collect$$$$00000004)
    __main_after_scatterload                 0x08000139   Thumb Code     0  entry5.o(.ARM.Collect$$$$00000004)
    _main_clock                              0x08000139   Thumb Code     0  entry7b.o(.ARM.Collect$$$$00000008)
    _main_cpp_init                           0x08000139   Thumb Code     0  entry8b.o(.ARM.Collect$$$$0000000A)
    _main_init                               0x08000139   Thumb Code     0  entry9a.o(.ARM.Collect$$$$0000000B)
    __rt_lib_shutdown_fini                   0x08000141   Thumb Code     0  entry12b.o(.ARM.Collect$$$$0000000E)
    __rt_final_cpp                           0x08000145   Thumb Code     0  entry10a.o(.ARM.Collect$$$$0000000F)
    __rt_final_exit                          0x08000145   Thumb Code     0  entry11a.o(.ARM.Collect$$$$00000011)
    Reset_Handler                            0x08000149   Thumb Code     8  startup_stm32f10x_hd.o(.text)
    ADC1_2_IRQHandler                        0x08000163   Thumb Code     0  startup_stm32f10x_hd.o(.text)
    ADC3_IRQHandler                          0x08000163   Thumb Code     0  startup_stm32f10x_hd.o(.text)
    CAN1_RX1_IRQHandler                      0x08000163   Thumb Code     0  startup_stm32f10x_hd.o(.text)
    CAN1_SCE_IRQHandler                      0x08000163   Thumb Code     0  startup_stm32f10x_hd.o(.text)
    DMA1_Channel1_IRQHandler                 0x08000163   Thumb Code     0  startup_stm32f10x_hd.o(.text)
    DMA1_Channel2_IRQHandler                 0x08000163   Thumb Code     0  startup_stm32f10x_hd.o(.text)
    DMA1_Channel3_IRQHandler                 0x08000163   Thumb Code     0  startup_stm32f10x_hd.o(.text)
    DMA1_Channel4_IRQHandler                 0x08000163   Thumb Code     0  startup_stm32f10x_hd.o(.text)
    DMA1_Channel5_IRQHandler                 0x08000163   Thumb Code     0  startup_stm32f10x_hd.o(.text)
    DMA1_Channel6_IRQHandler                 0x08000163   Thumb Code     0  startup_stm32f10x_hd.o(.text)
    DMA1_Channel7_IRQHandler                 0x08000163   Thumb Code     0  startup_stm32f10x_hd.o(.text)
    DMA2_Channel1_IRQHandler                 0x08000163   Thumb Code     0  startup_stm32f10x_hd.o(.text)
    DMA2_Channel2_IRQHandler                 0x08000163   Thumb Code     0  startup_stm32f10x_hd.o(.text)
    DMA2_Channel3_IRQHandler                 0x08000163   Thumb Code     0  startup_stm32f10x_hd.o(.text)
    DMA2_Channel4_5_IRQHandler               0x08000163   Thumb Code     0  startup_stm32f10x_hd.o(.text)
    EXTI0_IRQHandler                         0x08000163   Thumb Code     0  startup_stm32f10x_hd.o(.text)
    EXTI15_10_IRQHandler                     0x08000163   Thumb Code     0  startup_stm32f10x_hd.o(.text)
    EXTI1_IRQHandler                         0x08000163   Thumb Code     0  startup_stm32f10x_hd.o(.text)
    EXTI2_IRQHandler                         0x08000163   Thumb Code     0  startup_stm32f10x_hd.o(.text)
    EXTI3_IRQHandler                         0x08000163   Thumb Code     0  startup_stm32f10x_hd.o(.text)
    EXTI4_IRQHandler                         0x08000163   Thumb Code     0  startup_stm32f10x_hd.o(.text)
    EXTI9_5_IRQHandler                       0x08000163   Thumb Code     0  startup_stm32f10x_hd.o(.text)
    FLASH_IRQHandler                         0x08000163   Thumb Code     0  startup_stm32f10x_hd.o(.text)
    FSMC_IRQHandler                          0x08000163   Thumb Code     0  startup_stm32f10x_hd.o(.text)
    I2C1_ER_IRQHandler                       0x08000163   Thumb Code     0  startup_stm32f10x_hd.o(.text)
    I2C1_EV_IRQHandler                       0x08000163   Thumb Code     0  startup_stm32f10x_hd.o(.text)
    I2C2_ER_IRQHandler                       0x08000163   Thumb Code     0  startup_stm32f10x_hd.o(.text)
    I2C2_EV_IRQHandler                       0x08000163   Thumb Code     0  startup_stm32f10x_hd.o(.text)
    PVD_IRQHandler                           0x08000163   Thumb Code     0  startup_stm32f10x_hd.o(.text)
    RCC_IRQHandler                           0x08000163   Thumb Code     0  startup_stm32f10x_hd.o(.text)
    RTCAlarm_IRQHandler                      0x08000163   Thumb Code     0  startup_stm32f10x_hd.o(.text)
    RTC_IRQHandler                           0x08000163   Thumb Code     0  startup_stm32f10x_hd.o(.text)
    SPI1_IRQHandler                          0x08000163   Thumb Code     0  startup_stm32f10x_hd.o(.text)
    SPI2_IRQHandler                          0x08000163   Thumb Code     0  startup_stm32f10x_hd.o(.text)
    SPI3_IRQHandler                          0x08000163   Thumb Code     0  startup_stm32f10x_hd.o(.text)
    TAMPER_IRQHandler                        0x08000163   Thumb Code     0  startup_stm32f10x_hd.o(.text)
    TIM1_BRK_IRQHandler                      0x08000163   Thumb Code     0  startup_stm32f10x_hd.o(.text)
    TIM1_CC_IRQHandler                       0x08000163   Thumb Code     0  startup_stm32f10x_hd.o(.text)
    TIM1_TRG_COM_IRQHandler                  0x08000163   Thumb Code     0  startup_stm32f10x_hd.o(.text)
    TIM1_UP_IRQHandler                       0x08000163   Thumb Code     0  startup_stm32f10x_hd.o(.text)
    TIM2_IRQHandler                          0x08000163   Thumb Code     0  startup_stm32f10x_hd.o(.text)
    TIM3_IRQHandler                          0x08000163   Thumb Code     0  startup_stm32f10x_hd.o(.text)
    TIM4_IRQHandler                          0x08000163   Thumb Code     0  startup_stm32f10x_hd.o(.text)
    TIM5_IRQHandler                          0x08000163   Thumb Code     0  startup_stm32f10x_hd.o(.text)
    TIM6_IRQHandler                          0x08000163   Thumb Code     0  startup_stm32f10x_hd.o(.text)
    TIM7_IRQHandler                          0x08000163   Thumb Code     0  startup_stm32f10x_hd.o(.text)
    TIM8_BRK_IRQHandler                      0x08000163   Thumb Code     0  startup_stm32f10x_hd.o(.text)
    TIM8_CC_IRQHandler                       0x08000163   Thumb Code     0  startup_stm32f10x_hd.o(.text)
    TIM8_TRG_COM_IRQHandler                  0x08000163   Thumb Code     0  startup_stm32f10x_hd.o(.text)
    TIM8_UP_IRQHandler                       0x08000163   Thumb Code     0  startup_stm32f10x_hd.o(.text)
    UART4_IRQHandler                         0x08000163   Thumb Code     0  startup_stm32f10x_hd.o(.text)
    UART5_IRQHandler                         0x08000163   Thumb Code     0  startup_stm32f10x_hd.o(.text)
    USART1_IRQHandler                        0x08000163   Thumb Code     0  startup_stm32f10x_hd.o(.text)
    USART3_IRQHandler                        0x08000163   Thumb Code     0  startup_stm32f10x_hd.o(.text)
    USBWakeUp_IRQHandler                     0x08000163   Thumb Code     0  startup_stm32f10x_hd.o(.text)
    USB_HP_CAN1_TX_IRQHandler                0x08000163   Thumb Code     0  startup_stm32f10x_hd.o(.text)
    USB_LP_CAN1_RX0_IRQHandler               0x08000163   Thumb Code     0  startup_stm32f10x_hd.o(.text)
    WWDG_IRQHandler                          0x08000163   Thumb Code     0  startup_stm32f10x_hd.o(.text)
    __aeabi_uldivmod                         0x0800016d   Thumb Code    98  uldiv.o(.text)
    __aeabi_memcpy                           0x080001cf   Thumb Code    36  memcpya.o(.text)
    __aeabi_memcpy4                          0x080001cf   Thumb Code     0  memcpya.o(.text)
    __aeabi_memcpy8                          0x080001cf   Thumb Code     0  memcpya.o(.text)
    __aeabi_memset                           0x080001f3   Thumb Code    14  memseta.o(.text)
    __aeabi_memset4                          0x080001f3   Thumb Code     0  memseta.o(.text)
    __aeabi_memset8                          0x080001f3   Thumb Code     0  memseta.o(.text)
    __aeabi_memclr                           0x08000201   Thumb Code     4  memseta.o(.text)
    __aeabi_memclr4                          0x08000201   Thumb Code     0  memseta.o(.text)
    __aeabi_memclr8                          0x08000201   Thumb Code     0  memseta.o(.text)
    _memset$wrapper                          0x08000205   Thumb Code    18  memseta.o(.text)
    strstr                                   0x08000217   Thumb Code    36  strstr.o(.text)
    strchr                                   0x0800023b   Thumb Code    20  strchr.o(.text)
    strlen                                   0x0800024f   Thumb Code    14  strlen.o(.text)
    strcmp                                   0x0800025d   Thumb Code    28  strcmp.o(.text)
    __0sscanf                                0x08000279   Thumb Code    48  __0sscanf.o(.text)
    _scanf_int                               0x080002b1   Thumb Code   332  _scanf_int.o(.text)
    _scanf_real                              0x08000525   Thumb Code     0  scanf_fp.o(.text)
    _scanf_really_real                       0x08000525   Thumb Code   556  scanf_fp.o(.text)
    __aeabi_fadd                             0x0800075d   Thumb Code   164  fadd.o(.text)
    __aeabi_fsub                             0x08000801   Thumb Code     6  fadd.o(.text)
    __aeabi_frsub                            0x08000807   Thumb Code     6  fadd.o(.text)
    __aeabi_fmul                             0x0800080d   Thumb Code   100  fmul.o(.text)
    __aeabi_fdiv                             0x08000871   Thumb Code   124  fdiv.o(.text)
    __aeabi_dmul                             0x080008ed   Thumb Code   228  dmul.o(.text)
    __aeabi_ddiv                             0x080009d1   Thumb Code   222  ddiv.o(.text)
    __aeabi_i2f                              0x08000aaf   Thumb Code    18  fflti.o(.text)
    __aeabi_ui2f                             0x08000ac1   Thumb Code    10  ffltui.o(.text)
    __aeabi_f2iz                             0x08000acb   Thumb Code    50  ffixi.o(.text)
    __aeabi_f2uiz                            0x08000afd   Thumb Code    40  ffixui.o(.text)
    __aeabi_f2d                              0x08000b25   Thumb Code    38  f2d.o(.text)
    __aeabi_d2f                              0x08000b4b   Thumb Code    56  d2f.o(.text)
    __aeabi_cfcmpeq                          0x08000b85   Thumb Code     0  cfcmple.o(.text)
    __aeabi_cfcmple                          0x08000b85   Thumb Code    20  cfcmple.o(.text)
    __aeabi_cfrcmple                         0x08000b99   Thumb Code    20  cfrcmple.o(.text)
    __aeabi_uidiv                            0x08000bad   Thumb Code     0  uidiv.o(.text)
    __aeabi_uidivmod                         0x08000bad   Thumb Code    44  uidiv.o(.text)
    __aeabi_llsl                             0x08000bd9   Thumb Code    30  llshl.o(.text)
    _ll_shift_l                              0x08000bd9   Thumb Code     0  llshl.o(.text)
    __aeabi_llsr                             0x08000bf7   Thumb Code    32  llushr.o(.text)
    _ll_ushift_r                             0x08000bf7   Thumb Code     0  llushr.o(.text)
    _chval                                   0x08000c17   Thumb Code    28  _chval.o(.text)
    __vfscanf_char                           0x08000c41   Thumb Code    20  scanf_char.o(.text)
    _sgetc                                   0x08000c5d   Thumb Code    30  _sgetc.o(.text)
    _sbackspace                              0x08000c7b   Thumb Code    34  _sgetc.o(.text)
    __I$use$fp                               0x08000c9d   Thumb Code     0  iusefp.o(.text)
    _float_round                             0x08000c9d   Thumb Code    18  fepilogue.o(.text)
    _float_epilogue                          0x08000caf   Thumb Code    92  fepilogue.o(.text)
    _double_round                            0x08000d0b   Thumb Code    30  depilogue.o(.text)
    _double_epilogue                         0x08000d29   Thumb Code   156  depilogue.o(.text)
    __aeabi_dadd                             0x08000dc5   Thumb Code   322  dadd.o(.text)
    __aeabi_dsub                             0x08000f07   Thumb Code     6  dadd.o(.text)
    __aeabi_drsub                            0x08000f0d   Thumb Code     6  dadd.o(.text)
    __aeabi_ul2d                             0x08000f13   Thumb Code    24  dfltul.o(.text)
    __aeabi_d2ulz                            0x08000f2b   Thumb Code    48  dfixul.o(.text)
    __aeabi_cdrcmple                         0x08000f5d   Thumb Code    48  cdrcmple.o(.text)
    __scatterload                            0x08000f8d   Thumb Code    28  init.o(.text)
    __scatterload_rt2                        0x08000f8d   Thumb Code     0  init.o(.text)
    __aeabi_lasr                             0x08000fb1   Thumb Code    36  llsshr.o(.text)
    _ll_sshift_r                             0x08000fb1   Thumb Code     0  llsshr.o(.text)
    isspace                                  0x08000fd5   Thumb Code    10  isspace_c.o(.text)
    __vfscanf                                0x08000fe1   Thumb Code   810  _scanf.o(.text)
    __ARM_scalbn                             0x08001311   Thumb Code    46  dscalb.o(.text)
    scalbn                                   0x08001311   Thumb Code     0  dscalb.o(.text)
    __aeabi_i2d                              0x0800133f   Thumb Code    34  dflti.o(.text)
    __aeabi_ui2d                             0x08001361   Thumb Code    26  dfltui.o(.text)
    __aeabi_d2iz                             0x0800137b   Thumb Code    62  dfixi.o(.text)
    __ctype_lookup                           0x080013b9   Thumb Code    34  ctype_c.o(.text)
    __decompress                             0x080013e1   Thumb Code     0  __dczerorl2.o(.text)
    __decompress1                            0x080013e1   Thumb Code    86  __dczerorl2.o(.text)
    AD8232_Filter                            0x08001439   Thumb Code    54  ad8232.o(i.AD8232_Filter)
    ADC_Cmd                                  0x0800147d   Thumb Code    22  stm32f10x_adc.o(i.ADC_Cmd)
    ADC_DMACmd                               0x08001493   Thumb Code    22  stm32f10x_adc.o(i.ADC_DMACmd)
    ADC_GetCalibrationStatus                 0x080014a9   Thumb Code    20  stm32f10x_adc.o(i.ADC_GetCalibrationStatus)
    ADC_GetResetCalibrationStatus            0x080014bd   Thumb Code    20  stm32f10x_adc.o(i.ADC_GetResetCalibrationStatus)
    ADC_Init                                 0x080014d1   Thumb Code    70  stm32f10x_adc.o(i.ADC_Init)
    ADC_RegularChannelConfig                 0x08001521   Thumb Code   184  stm32f10x_adc.o(i.ADC_RegularChannelConfig)
    ADC_ResetCalibration                     0x080015d9   Thumb Code    10  stm32f10x_adc.o(i.ADC_ResetCalibration)
    ADC_SoftwareStartConvCmd                 0x080015e3   Thumb Code    22  stm32f10x_adc.o(i.ADC_SoftwareStartConvCmd)
    ADC_StartCalibration                     0x080015f9   Thumb Code    10  stm32f10x_adc.o(i.ADC_StartCalibration)
    ADCx_Init                                0x08001629   Thumb Code    12  bsp_adc.o(i.ADCx_Init)
    BaselineFilter                           0x08001731   Thumb Code    60  ad8232.o(i.BaselineFilter)
    BusFault_Handler                         0x0800177d   Thumb Code     4  stm32f10x_it.o(i.BusFault_Handler)
    DMA_ClearFlag                            0x08001941   Thumb Code    18  stm32f10x_dma.o(i.DMA_ClearFlag)
    DMA_Cmd                                  0x0800195d   Thumb Code    24  stm32f10x_dma.o(i.DMA_Cmd)
    DMA_DeInit                               0x08001975   Thumb Code   324  stm32f10x_dma.o(i.DMA_DeInit)
    DMA_GetFlagStatus                        0x08001ac1   Thumb Code    36  stm32f10x_dma.o(i.DMA_GetFlagStatus)
    DMA_Init                                 0x08001aed   Thumb Code    60  stm32f10x_dma.o(i.DMA_Init)
    Dashboard_Alarm_Implementation           0x08001b29   Thumb Code   392  z_screen.o(i.Dashboard_Alarm_Implementation)
    Dashboard_Page_Init                      0x08001cc5   Thumb Code   246  z_screen.o(i.Dashboard_Page_Init)
    Dashboard_Page_Update                    0x08001e09   Thumb Code   878  z_screen.o(i.Dashboard_Page_Update)
    DebugMon_Handler                         0x080021f5   Thumb Code     2  stm32f10x_it.o(i.DebugMon_Handler)
    Draw_Icon_Dashboard                      0x080021f7   Thumb Code   154  z_screen.o(i.Draw_Icon_Dashboard)
    Draw_Icon_History                        0x08002291   Thumb Code   138  z_screen.o(i.Draw_Icon_History)
    Draw_Icon_Settings                       0x0800231b   Thumb Code   224  z_screen.o(i.Draw_Icon_Settings)
    Draw_Icon_Waveform                       0x080023fb   Thumb Code   200  z_screen.o(i.Draw_Icon_Waveform)
    ECG_Filter                               0x080024c5   Thumb Code    96  ad8232.o(i.ECG_Filter)
    ECG_Page_Init                            0x08002529   Thumb Code    98  z_screen.o(i.ECG_Page_Init)
    ECG_Page_Update                          0x080025b5   Thumb Code   230  z_screen.o(i.ECG_Page_Update)
    FSMC_NORSRAMCmd                          0x080026ad   Thumb Code    46  stm32f10x_fsmc.o(i.FSMC_NORSRAMCmd)
    FSMC_NORSRAMInit                         0x080026e1   Thumb Code   230  stm32f10x_fsmc.o(i.FSMC_NORSRAMInit)
    GPIO_Init                                0x080029b5   Thumb Code   278  stm32f10x_gpio.o(i.GPIO_Init)
    GPIO_ReadInputDataBit                    0x08002acb   Thumb Code    18  stm32f10x_gpio.o(i.GPIO_ReadInputDataBit)
    GPIO_ResetBits                           0x08002add   Thumb Code     4  stm32f10x_gpio.o(i.GPIO_ResetBits)
    GPIO_SetBits                             0x08002ae1   Thumb Code     4  stm32f10x_gpio.o(i.GPIO_SetBits)
    GetGBKCode_from_EXFlash                  0x08002ae5   Thumb Code    74  fonts.o(i.GetGBKCode_from_EXFlash)
    HardFault_Handler                        0x08002b39   Thumb Code     4  stm32f10x_it.o(i.HardFault_Handler)
    History_Page_Init                        0x08002b3d   Thumb Code   292  z_screen.o(i.History_Page_Init)
    ILI9341_BackLed_Control                  0x08002c95   Thumb Code    30  bsp_ili9341_lcd.o(i.ILI9341_BackLed_Control)
    ILI9341_Clear                            0x08002cb9   Thumb Code    40  bsp_ili9341_lcd.o(i.ILI9341_Clear)
    ILI9341_DispChar_CH                      0x08002cf9   Thumb Code   122  bsp_ili9341_lcd.o(i.ILI9341_DispChar_CH)
    ILI9341_DispChar_EN                      0x08002d7d   Thumb Code   138  bsp_ili9341_lcd.o(i.ILI9341_DispChar_EN)
    ILI9341_DispString_CH                    0x08002e15   Thumb Code    86  bsp_ili9341_lcd.o(i.ILI9341_DispString_CH)
    ILI9341_DispString_EN                    0x08002e75   Thumb Code    92  bsp_ili9341_lcd.o(i.ILI9341_DispString_EN)
    ILI9341_DrawCircle                       0x08002edd   Thumb Code   312  bsp_ili9341_lcd.o(i.ILI9341_DrawCircle)
    ILI9341_DrawLine                         0x08003015   Thumb Code   160  bsp_ili9341_lcd.o(i.ILI9341_DrawLine)
    ILI9341_DrawRectangle                    0x080030b5   Thumb Code   132  bsp_ili9341_lcd.o(i.ILI9341_DrawRectangle)
    ILI9341_GramScan                         0x08003365   Thumb Code   208  bsp_ili9341_lcd.o(i.ILI9341_GramScan)
    ILI9341_Init                             0x08003445   Thumb Code    34  bsp_ili9341_lcd.o(i.ILI9341_Init)
    ILI9341_OpenWindow                       0x0800346d   Thumb Code    96  bsp_ili9341_lcd.o(i.ILI9341_OpenWindow)
    ILI9341_ReadID                           0x0800391d   Thumb Code   108  bsp_ili9341_lcd.o(i.ILI9341_ReadID)
    ILI9341_Read_Data                        0x0800398d   Thumb Code     6  bsp_ili9341_lcd.o(i.ILI9341_Read_Data)
    ILI9341_Rst                              0x08003999   Thumb Code    36  bsp_ili9341_lcd.o(i.ILI9341_Rst)
    ILI9341_SetPointPixel                    0x080039d5   Thumb Code    42  bsp_ili9341_lcd.o(i.ILI9341_SetPointPixel)
    ILI9341_Write_Cmd                        0x08003a0d   Thumb Code     8  bsp_ili9341_lcd.o(i.ILI9341_Write_Cmd)
    ILI9341_Write_Data                       0x08003a15   Thumb Code     6  bsp_ili9341_lcd.o(i.ILI9341_Write_Data)
    JFC103_SendCmd                           0x08003a21   Thumb Code    28  bsp_usart.o(i.JFC103_SendCmd)
    JFC103_USART_Config                      0x08003a41   Thumb Code   154  bsp_usart.o(i.JFC103_USART_Config)
    LCD_SetBackColor                         0x08003ae5   Thumb Code     6  bsp_ili9341_lcd.o(i.LCD_SetBackColor)
    LCD_SetColors                            0x08003af1   Thumb Code    10  bsp_ili9341_lcd.o(i.LCD_SetColors)
    LCD_SetFont                              0x08003b05   Thumb Code     6  bsp_ili9341_lcd.o(i.LCD_SetFont)
    LCD_SetTextColor                         0x08003b11   Thumb Code     6  bsp_ili9341_lcd.o(i.LCD_SetTextColor)
    LowPassFilter_100Hz                      0x08003b1d   Thumb Code   168  ad8232.o(i.LowPassFilter_100Hz)
    MLX90614_Init                            0x08003bd1   Thumb Code    54  z_mlx.o(i.MLX90614_Init)
    MLX90614_ReadObjectTempC                 0x08003c59   Thumb Code    16  z_mlx.o(i.MLX90614_ReadObjectTempC)
    Main_Menu_Display                        0x08003e75   Thumb Code   208  z_screen.o(i.Main_Menu_Display)
    Map_Value_To_Y                           0x08003f95   Thumb Code   140  z_screen.o(i.Map_Value_To_Y)
    MemManage_Handler                        0x08004021   Thumb Code     4  stm32f10x_it.o(i.MemManage_Handler)
    MovingAverageFilter                      0x08004025   Thumb Code    66  ad8232.o(i.MovingAverageFilter)
    NMI_Handler                              0x08004071   Thumb Code     2  stm32f10x_it.o(i.NMI_Handler)
    NVIC_Init                                0x08004075   Thumb Code   100  misc.o(i.NVIC_Init)
    NVIC_PriorityGroupConfig                 0x080040e5   Thumb Code    10  misc.o(i.NVIC_PriorityGroupConfig)
    NotchFilter_50Hz                         0x080040f9   Thumb Code   168  ad8232.o(i.NotchFilter_50Hz)
    PWR_BackupAccessCmd                      0x080041ad   Thumb Code     6  stm32f10x_pwr.o(i.PWR_BackupAccessCmd)
    PendSV_Handler                           0x080041b9   Thumb Code     2  stm32f10x_it.o(i.PendSV_Handler)
    RCC_ADCCLKConfig                         0x080041bd   Thumb Code    18  stm32f10x_rcc.o(i.RCC_ADCCLKConfig)
    RCC_AHBPeriphClockCmd                    0x080041d5   Thumb Code    26  stm32f10x_rcc.o(i.RCC_AHBPeriphClockCmd)
    RCC_APB1PeriphClockCmd                   0x080041f5   Thumb Code    26  stm32f10x_rcc.o(i.RCC_APB1PeriphClockCmd)
    RCC_APB2PeriphClockCmd                   0x08004215   Thumb Code    26  stm32f10x_rcc.o(i.RCC_APB2PeriphClockCmd)
    RCC_GetClocksFreq                        0x08004235   Thumb Code   192  stm32f10x_rcc.o(i.RCC_GetClocksFreq)
    RCC_GetFlagStatus                        0x08004309   Thumb Code    56  stm32f10x_rcc.o(i.RCC_GetFlagStatus)
    RCC_LSEConfig                            0x08004345   Thumb Code    46  stm32f10x_rcc.o(i.RCC_LSEConfig)
    RCC_RTCCLKCmd                            0x08004379   Thumb Code     6  stm32f10x_rcc.o(i.RCC_RTCCLKCmd)
    RCC_RTCCLKConfig                         0x08004385   Thumb Code    12  stm32f10x_rcc.o(i.RCC_RTCCLKConfig)
    RTC_EnterConfigMode                      0x08004395   Thumb Code    14  stm32f10x_rtc.o(i.RTC_EnterConfigMode)
    RTC_ExitConfigMode                       0x080043a9   Thumb Code    16  stm32f10x_rtc.o(i.RTC_ExitConfigMode)
    RTC_GetCounter                           0x080043bd   Thumb Code    16  stm32f10x_rtc.o(i.RTC_GetCounter)
    RTC_Init                                 0x080043d1   Thumb Code    78  z_rtc.o(i.RTC_Init)
    RTC_SetCounter                           0x08004421   Thumb Code    24  stm32f10x_rtc.o(i.RTC_SetCounter)
    RTC_SetPrescaler                         0x0800443d   Thumb Code    26  stm32f10x_rtc.o(i.RTC_SetPrescaler)
    RTC_WaitForLastTask                      0x0800445d   Thumb Code    16  stm32f10x_rtc.o(i.RTC_WaitForLastTask)
    RTC_WaitForSynchro                       0x08004471   Thumb Code    30  stm32f10x_rtc.o(i.RTC_WaitForSynchro)
    SDIO_ClearFlag                           0x08004785   Thumb Code     6  stm32f10x_sdio.o(i.SDIO_ClearFlag)
    SDIO_ClearITPendingBit                   0x08004791   Thumb Code     6  stm32f10x_sdio.o(i.SDIO_ClearITPendingBit)
    SDIO_ClockCmd                            0x0800479d   Thumb Code     6  stm32f10x_sdio.o(i.SDIO_ClockCmd)
    SDIO_DMACmd                              0x080047a9   Thumb Code     6  stm32f10x_sdio.o(i.SDIO_DMACmd)
    SDIO_DataConfig                          0x080047b5   Thumb Code    42  stm32f10x_sdio.o(i.SDIO_DataConfig)
    SDIO_DeInit                              0x080047e5   Thumb Code    28  stm32f10x_sdio.o(i.SDIO_DeInit)
    SDIO_GetCommandResponse                  0x08004809   Thumb Code     8  stm32f10x_sdio.o(i.SDIO_GetCommandResponse)
    SDIO_GetFlagStatus                       0x08004815   Thumb Code    20  stm32f10x_sdio.o(i.SDIO_GetFlagStatus)
    SDIO_GetPowerState                       0x0800482d   Thumb Code    10  stm32f10x_sdio.o(i.SDIO_GetPowerState)
    SDIO_GetResponse                         0x0800483d   Thumb Code    20  stm32f10x_sdio.o(i.SDIO_GetResponse)
    SDIO_IRQHandler                          0x08004855   Thumb Code     8  bsp_sdio_sdcard.o(i.SDIO_IRQHandler)
    SDIO_ITConfig                            0x0800485d   Thumb Code    26  stm32f10x_sdio.o(i.SDIO_ITConfig)
    SDIO_Init                                0x0800487d   Thumb Code    42  stm32f10x_sdio.o(i.SDIO_Init)
    SDIO_ReadData                            0x080048ad   Thumb Code     6  stm32f10x_sdio.o(i.SDIO_ReadData)
    SDIO_SendCommand                         0x080048b9   Thumb Code    38  stm32f10x_sdio.o(i.SDIO_SendCommand)
    SDIO_SetPowerState                       0x080048e5   Thumb Code    22  stm32f10x_sdio.o(i.SDIO_SetPowerState)
    SD_Card_Init                             0x08004901   Thumb Code    28  z_tf.o(i.SD_Card_Init)
    SD_Detect                                0x08004a11   Thumb Code    12  bsp_sdio_sdcard.o(i.SD_Detect)
    SD_EnableWideBusOperation                0x08004a1d   Thumb Code   140  bsp_sdio_sdcard.o(i.SD_EnableWideBusOperation)
    SD_GetCardInfo                           0x08004ab1   Thumb Code   764  bsp_sdio_sdcard.o(i.SD_GetCardInfo)
    SD_GetState                              0x08004dbd   Thumb Code    26  bsp_sdio_sdcard.o(i.SD_GetState)
    SD_GetStatus                             0x08004dd7   Thumb Code    30  bsp_sdio_sdcard.o(i.SD_GetStatus)
    SD_Init                                  0x08004df5   Thumb Code   102  bsp_sdio_sdcard.o(i.SD_Init)
    SD_InitializeCards                       0x08004e65   Thumb Code   294  bsp_sdio_sdcard.o(i.SD_InitializeCards)
    SD_Log_Dashboard                         0x08004fa1   Thumb Code    58  z_tf.o(i.SD_Log_Dashboard)
    SD_Log_Data_With_RTC                     0x08004ffd   Thumb Code    88  z_tf.o(i.SD_Log_Data_With_RTC)
    SD_Plot_Health_History                   0x08005079   Thumb Code   804  z_tf.o(i.SD_Plot_Health_History)
    SD_PowerON                               0x0800540d   Thumb Code   374  bsp_sdio_sdcard.o(i.SD_PowerON)
    SD_ProcessIRQSrc                         0x08005595   Thumb Code    70  bsp_sdio_sdcard.o(i.SD_ProcessIRQSrc)
    SD_ReadMultiBlocks                       0x080055ed   Thumb Code   218  bsp_sdio_sdcard.o(i.SD_ReadMultiBlocks)
    SD_SelectDeselect                        0x080056e5   Thumb Code    48  bsp_sdio_sdcard.o(i.SD_SelectDeselect)
    SD_SendStatus                            0x08005719   Thumb Code    46  bsp_sdio_sdcard.o(i.SD_SendStatus)
    SD_Test_Process                          0x08005751   Thumb Code   236  z_tf.o(i.SD_Test_Process)
    SD_WaitReadOperation                     0x08005995   Thumb Code    42  bsp_sdio_sdcard.o(i.SD_WaitReadOperation)
    SD_WaitWriteOperation                    0x080059c9   Thumb Code    50  bsp_sdio_sdcard.o(i.SD_WaitWriteOperation)
    SD_WriteMultiBlocks                      0x08005a05   Thumb Code   312  bsp_sdio_sdcard.o(i.SD_WriteMultiBlocks)
    SPI_Cmd                                  0x08005b5d   Thumb Code    24  stm32f10x_spi.o(i.SPI_Cmd)
    SPI_FLASH_BufferRead                     0x08005b75   Thumb Code    76  bsp_spi_flash.o(i.SPI_FLASH_BufferRead)
    SPI_FLASH_Init                           0x08005bc5   Thumb Code   178  bsp_spi_flash.o(i.SPI_FLASH_Init)
    SPI_FLASH_SendByte                       0x08005c85   Thumb Code   110  bsp_spi_flash.o(i.SPI_FLASH_SendByte)
    SPI_I2S_GetFlagStatus                    0x08005cfd   Thumb Code    18  stm32f10x_spi.o(i.SPI_I2S_GetFlagStatus)
    SPI_I2S_ReceiveData                      0x08005d0f   Thumb Code     6  stm32f10x_spi.o(i.SPI_I2S_ReceiveData)
    SPI_I2S_SendData                         0x08005d15   Thumb Code     4  stm32f10x_spi.o(i.SPI_I2S_SendData)
    SPI_Init                                 0x08005d19   Thumb Code    60  stm32f10x_spi.o(i.SPI_Init)
    SPO2_Page_Init                           0x08005d95   Thumb Code   124  z_screen.o(i.SPO2_Page_Init)
    SPO2_Page_Update                         0x08005e49   Thumb Code   394  z_screen.o(i.SPO2_Page_Update)
    SVC_Handler                              0x0800600d   Thumb Code     2  stm32f10x_it.o(i.SVC_Handler)
    Settings_Page_Init                       0x080060f9   Thumb Code   144  z_screen.o(i.Settings_Page_Init)
    Settings_Page_Update                     0x080061e5   Thumb Code   188  z_screen.o(i.Settings_Page_Update)
    Show_Startup_Logo                        0x080062e9   Thumb Code   258  z_logo.o(i.Show_Startup_Logo)
    SysTick_CLKSourceConfig                  0x08006435   Thumb Code    40  misc.o(i.SysTick_CLKSourceConfig)
    SysTick_Handler                          0x0800645d   Thumb Code     2  stm32f10x_it.o(i.SysTick_Handler)
    SystemInit                               0x08006461   Thumb Code    78  system_stm32f10x.o(i.SystemInit)
    TM_FATFS_SDIO_WriteEnabled               0x080064c1   Thumb Code     4  bsp_sdio_sdcard.o(i.TM_FATFS_SDIO_WriteEnabled)
    TM_FATFS_SD_SDIO_disk_initialize         0x080064c5   Thumb Code   110  bsp_sdio_sdcard.o(i.TM_FATFS_SD_SDIO_disk_initialize)
    TM_FATFS_SD_SDIO_disk_ioctl              0x08006539   Thumb Code    70  bsp_sdio_sdcard.o(i.TM_FATFS_SD_SDIO_disk_ioctl)
    TM_FATFS_SD_SDIO_disk_read               0x08006585   Thumb Code   170  bsp_sdio_sdcard.o(i.TM_FATFS_SD_SDIO_disk_read)
    TM_FATFS_SD_SDIO_disk_status             0x08006635   Thumb Code    52  bsp_sdio_sdcard.o(i.TM_FATFS_SD_SDIO_disk_status)
    TM_FATFS_SD_SDIO_disk_write              0x0800666d   Thumb Code   178  bsp_sdio_sdcard.o(i.TM_FATFS_SD_SDIO_disk_write)
    UI_Display_Handler                       0x08006721   Thumb Code    74  z_screen.o(i.UI_Display_Handler)
    UI_Touch_Handler                         0x08006775   Thumb Code   916  z_screen.o(i.UI_Touch_Handler)
    USART2_IRQHandler                        0x08006b2d   Thumb Code    96  bsp_usart.o(i.USART2_IRQHandler)
    USART_ClearITPendingBit                  0x08006ba1   Thumb Code    30  stm32f10x_usart.o(i.USART_ClearITPendingBit)
    USART_Cmd                                0x08006bbf   Thumb Code    24  stm32f10x_usart.o(i.USART_Cmd)
    USART_Config                             0x08006bd9   Thumb Code   120  bsp_usart.o(i.USART_Config)
    USART_GetFlagStatus                      0x08006c59   Thumb Code    26  stm32f10x_usart.o(i.USART_GetFlagStatus)
    USART_GetITStatus                        0x08006c73   Thumb Code    84  stm32f10x_usart.o(i.USART_GetITStatus)
    USART_ITConfig                           0x08006cc7   Thumb Code    74  stm32f10x_usart.o(i.USART_ITConfig)
    USART_Init                               0x08006d11   Thumb Code   210  stm32f10x_usart.o(i.USART_Init)
    USART_ReceiveData                        0x08006de9   Thumb Code    10  stm32f10x_usart.o(i.USART_ReceiveData)
    USART_SendData                           0x08006df3   Thumb Code     8  stm32f10x_usart.o(i.USART_SendData)
    UsageFault_Handler                       0x08006dfb   Thumb Code     4  stm32f10x_it.o(i.UsageFault_Handler)
    Waveform_Menu_Init                       0x08006e01   Thumb Code   168  z_screen.o(i.Waveform_Menu_Init)
    XPT2046_Get_TouchedPoint                 0x08006f01   Thumb Code   232  bsp_xpt2046_lcd.o(i.XPT2046_Get_TouchedPoint)
    XPT2046_Init                             0x08006fed   Thumb Code   134  bsp_xpt2046_lcd.o(i.XPT2046_Init)
    __0printf                                0x080072c1   Thumb Code    22  printfa.o(i.__0printf)
    __1printf                                0x080072c1   Thumb Code     0  printfa.o(i.__0printf)
    __2printf                                0x080072c1   Thumb Code     0  printfa.o(i.__0printf)
    __c89printf                              0x080072c1   Thumb Code     0  printfa.o(i.__0printf)
    printf                                   0x080072c1   Thumb Code     0  printfa.o(i.__0printf)
    __0sprintf                               0x080072e1   Thumb Code    34  printfa.o(i.__0sprintf)
    __1sprintf                               0x080072e1   Thumb Code     0  printfa.o(i.__0sprintf)
    __2sprintf                               0x080072e1   Thumb Code     0  printfa.o(i.__0sprintf)
    __c89sprintf                             0x080072e1   Thumb Code     0  printfa.o(i.__0sprintf)
    sprintf                                  0x080072e1   Thumb Code     0  printfa.o(i.__0sprintf)
    __ARM_fpclassify                         0x08007309   Thumb Code    40  fpclassify.o(i.__ARM_fpclassify)
    __ieee754_rem_pio2                       0x08007331   Thumb Code   828  rred.o(i.__ieee754_rem_pio2)
    __kernel_cos                             0x080076b9   Thumb Code   230  cos_i.o(i.__kernel_cos)
    __kernel_poly                            0x080077b5   Thumb Code   170  poly.o(i.__kernel_poly)
    __kernel_sin                             0x08007861   Thumb Code   224  sin_i.o(i.__kernel_sin)
    __mathlib_dbl_infnan                     0x0800794d   Thumb Code     6  dunder.o(i.__mathlib_dbl_infnan)
    __mathlib_dbl_invalid                    0x08007953   Thumb Code    12  dunder.o(i.__mathlib_dbl_invalid)
    __mathlib_dbl_underflow                  0x08007961   Thumb Code    10  dunder.o(i.__mathlib_dbl_underflow)
    __scatterload_copy                       0x08007971   Thumb Code    14  handlers.o(i.__scatterload_copy)
    __scatterload_null                       0x0800797f   Thumb Code     2  handlers.o(i.__scatterload_null)
    __scatterload_zeroinit                   0x08007981   Thumb Code    14  handlers.o(i.__scatterload_zeroinit)
    __set_errno                              0x08007991   Thumb Code     6  errno.o(i.__set_errno)
    _is_digit                                0x08007b21   Thumb Code    14  scanf_fp.o(i._is_digit)
    clust2sect                               0x080082e5   Thumb Code    26  ff.o(i.clust2sect)
    cos                                      0x080083a1   Thumb Code   148  cos.o(i.cos)
    delay_init                               0x08008785   Thumb Code    52  delay.o(i.delay_init)
    delay_ms                                 0x080087c1   Thumb Code    56  delay.o(i.delay_ms)
    delay_us                                 0x080087fd   Thumb Code    56  delay.o(i.delay_us)
    disk_initialize                          0x08008cab   Thumb Code    34  diskio.o(i.disk_initialize)
    disk_ioctl                               0x08008ccd   Thumb Code    46  diskio.o(i.disk_ioctl)
    disk_read                                0x08008cfb   Thumb Code    54  diskio.o(i.disk_read)
    disk_status                              0x08008d31   Thumb Code    34  diskio.o(i.disk_status)
    disk_write                               0x08008d53   Thumb Code    60  diskio.o(i.disk_write)
    f_close                                  0x08008d8f   Thumb Code    32  ff.o(i.f_close)
    f_gets                                   0x08008daf   Thumb Code    82  ff.o(i.f_gets)
    f_lseek                                  0x08008e01   Thumb Code   410  ff.o(i.f_lseek)
    f_mount                                  0x08008f9d   Thumb Code    86  ff.o(i.f_mount)
    f_open                                   0x08008ff9   Thumb Code   382  ff.o(i.f_open)
    f_read                                   0x08009177   Thumb Code   464  ff.o(i.f_read)
    f_sync                                   0x08009347   Thumb Code   176  ff.o(i.f_sync)
    f_write                                  0x080093f7   Thumb Code   524  ff.o(i.f_write)
    ff_convert                               0x08009605   Thumb Code   116  cc936.o(i.ff_convert)
    ff_wtoupper                              0x08009681   Thumb Code    84  cc936.o(i.ff_wtoupper)
    fputc                                    0x08009bc5   Thumb Code    32  bsp_usart.o(i.fputc)
    get_fat                                  0x08009cb5   Thumb Code   318  ff.o(i.get_fat)
    get_fattime                              0x08009df5   Thumb Code     4  diskio.o(i.get_fattime)
    main                                     0x08009e69   Thumb Code    76  main.o(i.main)
    put_fat                                  0x08009f41   Thumb Code   392  ff.o(i.put_fat)
    sin                                      0x0800a135   Thumb Code   150  sin.o(i.sin)
    ASCII8x16_Table                          0x0800a350   Data        1520  fonts.o(.constdata)
    ASCII16x24_Table                         0x0800a940   Data        4560  fonts.o(.constdata)
    ASCII24x32_Table                         0x0800bb10   Data        9120  fonts.o(.constdata)
    __ctype_categories                       0x08039138   Data          64  ctype_c.o(.constdata)
    Region$$Table$$Base                      0x08039178   Number         0  anon$$obj.o(Region$$Table)
    Region$$Table$$Limit                     0x08039198   Number         0  anon$$obj.o(Region$$Table)
    JFC_DataReady                            0x20000014   Data           1  bsp_usart.o(.data)
    LCD_X_LENGTH                             0x2000001c   Data           2  bsp_ili9341_lcd.o(.data)
    LCD_Y_LENGTH                             0x2000001e   Data           2  bsp_ili9341_lcd.o(.data)
    LCD_SCAN_MODE                            0x20000020   Data           1  bsp_ili9341_lcd.o(.data)
    lcdid                                    0x20000022   Data           2  bsp_ili9341_lcd.o(.data)
    strXPT2046_TouchPara                     0x2000002c   Data         192  bsp_xpt2046_lcd.o(.data)
    ucXPT2046_TouchFlag                      0x200000ec   Data           1  bsp_xpt2046_lcd.o(.data)
    Font8x16                                 0x200000fc   Data           8  fonts.o(.data)
    Font16x24                                0x20000104   Data           8  fonts.o(.data)
    Font24x32                                0x2000010c   Data           8  fonts.o(.data)
    g_current_mode                           0x2000012c   Data           1  z_screen.o(.data)
    touch_pos                                0x2000012e   Data           8  z_screen.o(.data)
    g_hist_view                              0x20000136   Data           1  z_screen.o(.data)
    g_sys_limit                              0x20000138   Data          16  z_screen.o(.data)
    ADC_ConvertedValue                       0x2000015e   Data           4  bsp_adc.o(.data)
    filter_idx                               0x20000164   Data           1  ad8232.o(.data)
    StopCondition                            0x20000184   Data           4  bsp_sdio_sdcard.o(.data)
    TransferError                            0x20000188   Data           1  bsp_sdio_sdcard.o(.data)
    TransferEnd                              0x2000018c   Data           4  bsp_sdio_sdcard.o(.data)
    g_history_offset                         0x20000192   Data           2  z_tf.o(.data)
    __stdout                                 0x20000194   Data           4  stdout.o(.data)
    JFC_RawBuf                               0x2000019c   Data          88  bsp_usart.o(.bss)
    g_HealthData                             0x200001f4   Data          24  z_screen.o(.bss)
    filter_buf                               0x2000030c   Data          32  ad8232.o(.bss)
    SDCardInfo                               0x20000390   Data          88  bsp_sdio_sdcard.o(.bss)
    SDIO_InitStructure                       0x200003e8   Data          24  bsp_sdio_sdcard.o(.bss)
    SDIO_CmdInitStructure                    0x20000400   Data          20  bsp_sdio_sdcard.o(.bss)
    SDIO_DataInitStructure                   0x20000414   Data          24  bsp_sdio_sdcard.o(.bss)
    sd_fs                                    0x2000042c   Data        4144  z_tf.o(.bss)
    __initial_sp                             0x20002460   Data           0  startup_stm32f10x_hd.o(STACK)



==============================================================================

Memory Map of the image

  Image Entry point : 0x08000131

  Load Region LR_IROM1 (Base: 0x08000000, Size: 0x00039334, Max: 0x00080000, ABSOLUTE, COMPRESSED[0x000392ac])

    Execution Region ER_IROM1 (Exec base: 0x08000000, Load base: 0x08000000, Size: 0x00039198, Max: 0x00080000, ABSOLUTE)

    Exec Addr    Load Addr    Size         Type   Attr      Idx    E Section Name        Object

    0x08000000   0x08000000   0x00000130   Data   RO            3    RESET               startup_stm32f10x_hd.o
    0x08000130   0x08000130   0x00000000   Code   RO         5282  * .ARM.Collect$$$$00000000  mc_w.l(entry.o)
    0x08000130   0x08000130   0x00000004   Code   RO         5624    .ARM.Collect$$$$00000001  mc_w.l(entry2.o)
    0x08000134   0x08000134   0x00000004   Code   RO         5627    .ARM.Collect$$$$00000004  mc_w.l(entry5.o)
    0x08000138   0x08000138   0x00000000   Code   RO         5629    .ARM.Collect$$$$00000008  mc_w.l(entry7b.o)
    0x08000138   0x08000138   0x00000000   Code   RO         5631    .ARM.Collect$$$$0000000A  mc_w.l(entry8b.o)
    0x08000138   0x08000138   0x00000008   Code   RO         5632    .ARM.Collect$$$$0000000B  mc_w.l(entry9a.o)
    0x08000140   0x08000140   0x00000004   Code   RO         5639    .ARM.Collect$$$$0000000E  mc_w.l(entry12b.o)
    0x08000144   0x08000144   0x00000000   Code   RO         5634    .ARM.Collect$$$$0000000F  mc_w.l(entry10a.o)
    0x08000144   0x08000144   0x00000000   Code   RO         5636    .ARM.Collect$$$$00000011  mc_w.l(entry11a.o)
    0x08000144   0x08000144   0x00000004   Code   RO         5625    .ARM.Collect$$$$00002712  mc_w.l(entry2.o)
    0x08000148   0x08000148   0x00000024   Code   RO            4    .text               startup_stm32f10x_hd.o
    0x0800016c   0x0800016c   0x00000062   Code   RO         5285    .text               mc_w.l(uldiv.o)
    0x080001ce   0x080001ce   0x00000024   Code   RO         5287    .text               mc_w.l(memcpya.o)
    0x080001f2   0x080001f2   0x00000024   Code   RO         5289    .text               mc_w.l(memseta.o)
    0x08000216   0x08000216   0x00000024   Code   RO         5291    .text               mc_w.l(strstr.o)
    0x0800023a   0x0800023a   0x00000014   Code   RO         5293    .text               mc_w.l(strchr.o)
    0x0800024e   0x0800024e   0x0000000e   Code   RO         5295    .text               mc_w.l(strlen.o)
    0x0800025c   0x0800025c   0x0000001c   Code   RO         5297    .text               mc_w.l(strcmp.o)
    0x08000278   0x08000278   0x00000038   Code   RO         5562    .text               mc_w.l(__0sscanf.o)
    0x080002b0   0x080002b0   0x0000014c   Code   RO         5564    .text               mc_w.l(_scanf_int.o)
    0x080003fc   0x080003fc   0x00000360   Code   RO         5566    .text               mc_w.l(scanf_fp.o)
    0x0800075c   0x0800075c   0x000000b0   Code   RO         5570    .text               mf_w.l(fadd.o)
    0x0800080c   0x0800080c   0x00000064   Code   RO         5572    .text               mf_w.l(fmul.o)
    0x08000870   0x08000870   0x0000007c   Code   RO         5574    .text               mf_w.l(fdiv.o)
    0x080008ec   0x080008ec   0x000000e4   Code   RO         5576    .text               mf_w.l(dmul.o)
    0x080009d0   0x080009d0   0x000000de   Code   RO         5578    .text               mf_w.l(ddiv.o)
    0x08000aae   0x08000aae   0x00000012   Code   RO         5580    .text               mf_w.l(fflti.o)
    0x08000ac0   0x08000ac0   0x0000000a   Code   RO         5582    .text               mf_w.l(ffltui.o)
    0x08000aca   0x08000aca   0x00000032   Code   RO         5584    .text               mf_w.l(ffixi.o)
    0x08000afc   0x08000afc   0x00000028   Code   RO         5586    .text               mf_w.l(ffixui.o)
    0x08000b24   0x08000b24   0x00000026   Code   RO         5588    .text               mf_w.l(f2d.o)
    0x08000b4a   0x08000b4a   0x00000038   Code   RO         5590    .text               mf_w.l(d2f.o)
    0x08000b82   0x08000b82   0x00000002   PAD
    0x08000b84   0x08000b84   0x00000014   Code   RO         5592    .text               mf_w.l(cfcmple.o)
    0x08000b98   0x08000b98   0x00000014   Code   RO         5594    .text               mf_w.l(cfrcmple.o)
    0x08000bac   0x08000bac   0x0000002c   Code   RO         5641    .text               mc_w.l(uidiv.o)
    0x08000bd8   0x08000bd8   0x0000001e   Code   RO         5643    .text               mc_w.l(llshl.o)
    0x08000bf6   0x08000bf6   0x00000020   Code   RO         5645    .text               mc_w.l(llushr.o)
    0x08000c16   0x08000c16   0x0000001c   Code   RO         5654    .text               mc_w.l(_chval.o)
    0x08000c32   0x08000c32   0x00000002   PAD
    0x08000c34   0x08000c34   0x00000028   Code   RO         5656    .text               mc_w.l(scanf_char.o)
    0x08000c5c   0x08000c5c   0x00000040   Code   RO         5658    .text               mc_w.l(_sgetc.o)
    0x08000c9c   0x08000c9c   0x00000000   Code   RO         5660    .text               mc_w.l(iusefp.o)
    0x08000c9c   0x08000c9c   0x0000006e   Code   RO         5661    .text               mf_w.l(fepilogue.o)
    0x08000d0a   0x08000d0a   0x000000ba   Code   RO         5663    .text               mf_w.l(depilogue.o)
    0x08000dc4   0x08000dc4   0x0000014e   Code   RO         5665    .text               mf_w.l(dadd.o)
    0x08000f12   0x08000f12   0x00000018   Code   RO         5667    .text               mf_w.l(dfltul.o)
    0x08000f2a   0x08000f2a   0x00000030   Code   RO         5669    .text               mf_w.l(dfixul.o)
    0x08000f5a   0x08000f5a   0x00000002   PAD
    0x08000f5c   0x08000f5c   0x00000030   Code   RO         5671    .text               mf_w.l(cdrcmple.o)
    0x08000f8c   0x08000f8c   0x00000024   Code   RO         5677    .text               mc_w.l(init.o)
    0x08000fb0   0x08000fb0   0x00000024   Code   RO         5679    .text               mc_w.l(llsshr.o)
    0x08000fd4   0x08000fd4   0x0000000a   Code   RO         5681    .text               mc_w.l(isspace_c.o)
    0x08000fde   0x08000fde   0x00000002   PAD
    0x08000fe0   0x08000fe0   0x00000330   Code   RO         5683    .text               mc_w.l(_scanf.o)
    0x08001310   0x08001310   0x0000002e   Code   RO         5685    .text               mf_w.l(dscalb.o)
    0x0800133e   0x0800133e   0x00000022   Code   RO         5687    .text               mf_w.l(dflti.o)
    0x08001360   0x08001360   0x0000001a   Code   RO         5689    .text               mf_w.l(dfltui.o)
    0x0800137a   0x0800137a   0x0000003e   Code   RO         5691    .text               mf_w.l(dfixi.o)
    0x080013b8   0x080013b8   0x00000028   Code   RO         5693    .text               mc_w.l(ctype_c.o)
    0x080013e0   0x080013e0   0x00000056   Code   RO         5704    .text               mc_w.l(__dczerorl2.o)
    0x08001436   0x08001436   0x00000002   PAD
    0x08001438   0x08001438   0x00000044   Code   RO         4379    i.AD8232_Filter     ad8232.o
    0x0800147c   0x0800147c   0x00000016   Code   RO          183    i.ADC_Cmd           stm32f10x_adc.o
    0x08001492   0x08001492   0x00000016   Code   RO          184    i.ADC_DMACmd        stm32f10x_adc.o
    0x080014a8   0x080014a8   0x00000014   Code   RO          191    i.ADC_GetCalibrationStatus  stm32f10x_adc.o
    0x080014bc   0x080014bc   0x00000014   Code   RO          197    i.ADC_GetResetCalibrationStatus  stm32f10x_adc.o
    0x080014d0   0x080014d0   0x00000050   Code   RO          201    i.ADC_Init          stm32f10x_adc.o
    0x08001520   0x08001520   0x000000b8   Code   RO          205    i.ADC_RegularChannelConfig  stm32f10x_adc.o
    0x080015d8   0x080015d8   0x0000000a   Code   RO          206    i.ADC_ResetCalibration  stm32f10x_adc.o
    0x080015e2   0x080015e2   0x00000016   Code   RO          208    i.ADC_SoftwareStartConvCmd  stm32f10x_adc.o
    0x080015f8   0x080015f8   0x0000000a   Code   RO          210    i.ADC_StartCalibration  stm32f10x_adc.o
    0x08001602   0x08001602   0x00000002   PAD
    0x08001604   0x08001604   0x00000024   Code   RO         4354    i.ADCx_GPIO_Config  bsp_adc.o
    0x08001628   0x08001628   0x0000000c   Code   RO         4355    i.ADCx_Init         bsp_adc.o
    0x08001634   0x08001634   0x000000fc   Code   RO         4356    i.ADCx_Mode_Config  bsp_adc.o
    0x08001730   0x08001730   0x0000004c   Code   RO         4380    i.BaselineFilter    ad8232.o
    0x0800177c   0x0800177c   0x00000004   Code   RO         3209    i.BusFault_Handler  stm32f10x_it.o
    0x08001780   0x08001780   0x0000002c   Code   RO         4867    i.CmdError          bsp_sdio_sdcard.o
    0x080017ac   0x080017ac   0x00000028   Code   RO         4868    i.CmdResp1Error     bsp_sdio_sdcard.o
    0x080017d4   0x080017d4   0x0000004c   Code   RO         4869    i.CmdResp2Error     bsp_sdio_sdcard.o
    0x08001820   0x08001820   0x00000038   Code   RO         4870    i.CmdResp3Error     bsp_sdio_sdcard.o
    0x08001858   0x08001858   0x0000009c   Code   RO         4871    i.CmdResp6Error     bsp_sdio_sdcard.o
    0x080018f4   0x080018f4   0x0000004c   Code   RO         4872    i.CmdResp7Error     bsp_sdio_sdcard.o
    0x08001940   0x08001940   0x0000001c   Code   RO          866    i.DMA_ClearFlag     stm32f10x_dma.o
    0x0800195c   0x0800195c   0x00000018   Code   RO          868    i.DMA_Cmd           stm32f10x_dma.o
    0x08001974   0x08001974   0x0000014c   Code   RO          869    i.DMA_DeInit        stm32f10x_dma.o
    0x08001ac0   0x08001ac0   0x0000002c   Code   RO          871    i.DMA_GetFlagStatus  stm32f10x_dma.o
    0x08001aec   0x08001aec   0x0000003c   Code   RO          874    i.DMA_Init          stm32f10x_dma.o
    0x08001b28   0x08001b28   0x0000019c   Code   RO         4157    i.Dashboard_Alarm_Implementation  z_screen.o
    0x08001cc4   0x08001cc4   0x00000144   Code   RO         4158    i.Dashboard_Page_Init  z_screen.o
    0x08001e08   0x08001e08   0x000003ec   Code   RO         4159    i.Dashboard_Page_Update  z_screen.o
    0x080021f4   0x080021f4   0x00000002   Code   RO         3210    i.DebugMon_Handler  stm32f10x_it.o
    0x080021f6   0x080021f6   0x0000009a   Code   RO         4160    i.Draw_Icon_Dashboard  z_screen.o
    0x08002290   0x08002290   0x0000008a   Code   RO         4161    i.Draw_Icon_History  z_screen.o
    0x0800231a   0x0800231a   0x000000e0   Code   RO         4162    i.Draw_Icon_Settings  z_screen.o
    0x080023fa   0x080023fa   0x000000c8   Code   RO         4163    i.Draw_Icon_Waveform  z_screen.o
    0x080024c2   0x080024c2   0x00000002   PAD
    0x080024c4   0x080024c4   0x00000064   Code   RO         4381    i.ECG_Filter        ad8232.o
    0x08002528   0x08002528   0x0000008c   Code   RO         4164    i.ECG_Page_Init     z_screen.o
    0x080025b4   0x080025b4   0x000000f8   Code   RO         4165    i.ECG_Page_Update   z_screen.o
    0x080026ac   0x080026ac   0x00000034   Code   RO         1177    i.FSMC_NORSRAMCmd   stm32f10x_fsmc.o
    0x080026e0   0x080026e0   0x000000e6   Code   RO         1179    i.FSMC_NORSRAMInit  stm32f10x_fsmc.o
    0x080027c6   0x080027c6   0x00000002   PAD
    0x080027c8   0x080027c8   0x0000019c   Code   RO         4873    i.FindSCR           bsp_sdio_sdcard.o
    0x08002964   0x08002964   0x00000050   Code   RO         4874    i.GPIO_Configuration  bsp_sdio_sdcard.o
    0x080029b4   0x080029b4   0x00000116   Code   RO         1292    i.GPIO_Init         stm32f10x_gpio.o
    0x08002aca   0x08002aca   0x00000012   Code   RO         1296    i.GPIO_ReadInputDataBit  stm32f10x_gpio.o
    0x08002adc   0x08002adc   0x00000004   Code   RO         1299    i.GPIO_ResetBits    stm32f10x_gpio.o
    0x08002ae0   0x08002ae0   0x00000004   Code   RO         1300    i.GPIO_SetBits      stm32f10x_gpio.o
    0x08002ae4   0x08002ae4   0x00000054   Code   RO         3816    i.GetGBKCode_from_EXFlash  fonts.o
    0x08002b38   0x08002b38   0x00000004   Code   RO         3211    i.HardFault_Handler  stm32f10x_it.o
    0x08002b3c   0x08002b3c   0x00000158   Code   RO         4166    i.History_Page_Init  z_screen.o
    0x08002c94   0x08002c94   0x00000024   Code   RO         3448    i.ILI9341_BackLed_Control  bsp_ili9341_lcd.o
    0x08002cb8   0x08002cb8   0x0000002c   Code   RO         3449    i.ILI9341_Clear     bsp_ili9341_lcd.o
    0x08002ce4   0x08002ce4   0x00000012   Code   RO         3450    i.ILI9341_Delay     bsp_ili9341_lcd.o
    0x08002cf6   0x08002cf6   0x00000002   PAD
    0x08002cf8   0x08002cf8   0x00000084   Code   RO         3451    i.ILI9341_DispChar_CH  bsp_ili9341_lcd.o
    0x08002d7c   0x08002d7c   0x00000098   Code   RO         3452    i.ILI9341_DispChar_EN  bsp_ili9341_lcd.o
    0x08002e14   0x08002e14   0x00000060   Code   RO         3455    i.ILI9341_DispString_CH  bsp_ili9341_lcd.o
    0x08002e74   0x08002e74   0x00000068   Code   RO         3456    i.ILI9341_DispString_EN  bsp_ili9341_lcd.o
    0x08002edc   0x08002edc   0x00000138   Code   RO         3463    i.ILI9341_DrawCircle  bsp_ili9341_lcd.o
    0x08003014   0x08003014   0x000000a0   Code   RO         3464    i.ILI9341_DrawLine  bsp_ili9341_lcd.o
    0x080030b4   0x080030b4   0x00000088   Code   RO         3465    i.ILI9341_DrawRectangle  bsp_ili9341_lcd.o
    0x0800313c   0x0800313c   0x0000006e   Code   RO         3466    i.ILI9341_FSMC_Config  bsp_ili9341_lcd.o
    0x080031aa   0x080031aa   0x00000020   Code   RO         3467    i.ILI9341_FillColor  bsp_ili9341_lcd.o
    0x080031ca   0x080031ca   0x00000002   PAD
    0x080031cc   0x080031cc   0x00000198   Code   RO         3468    i.ILI9341_GPIO_Config  bsp_ili9341_lcd.o
    0x08003364   0x08003364   0x000000e0   Code   RO         3470    i.ILI9341_GramScan  bsp_ili9341_lcd.o
    0x08003444   0x08003444   0x00000028   Code   RO         3471    i.ILI9341_Init      bsp_ili9341_lcd.o
    0x0800346c   0x0800346c   0x00000060   Code   RO         3472    i.ILI9341_OpenWindow  bsp_ili9341_lcd.o
    0x080034cc   0x080034cc   0x00000450   Code   RO         3473    i.ILI9341_REG_Config  bsp_ili9341_lcd.o
    0x0800391c   0x0800391c   0x00000070   Code   RO         3474    i.ILI9341_ReadID    bsp_ili9341_lcd.o
    0x0800398c   0x0800398c   0x0000000c   Code   RO         3692    i.ILI9341_Read_Data  bsp_ili9341_lcd.o
    0x08003998   0x08003998   0x00000028   Code   RO         3476    i.ILI9341_Rst       bsp_ili9341_lcd.o
    0x080039c0   0x080039c0   0x00000014   Code   RO         3477    i.ILI9341_SetCursor  bsp_ili9341_lcd.o
    0x080039d4   0x080039d4   0x00000038   Code   RO         3478    i.ILI9341_SetPointPixel  bsp_ili9341_lcd.o
    0x08003a0c   0x08003a0c   0x00000008   Code   RO         3682    i.ILI9341_Write_Cmd  bsp_ili9341_lcd.o
    0x08003a14   0x08003a14   0x0000000c   Code   RO         3687    i.ILI9341_Write_Data  bsp_ili9341_lcd.o
    0x08003a20   0x08003a20   0x00000020   Code   RO         3275    i.JFC103_SendCmd    bsp_usart.o
    0x08003a40   0x08003a40   0x000000a4   Code   RO         3276    i.JFC103_USART_Config  bsp_usart.o
    0x08003ae4   0x08003ae4   0x0000000c   Code   RO         3483    i.LCD_SetBackColor  bsp_ili9341_lcd.o
    0x08003af0   0x08003af0   0x00000014   Code   RO         3484    i.LCD_SetColors     bsp_ili9341_lcd.o
    0x08003b04   0x08003b04   0x0000000c   Code   RO         3485    i.LCD_SetFont       bsp_ili9341_lcd.o
    0x08003b10   0x08003b10   0x0000000c   Code   RO         3486    i.LCD_SetTextColor  bsp_ili9341_lcd.o
    0x08003b1c   0x08003b1c   0x000000b4   Code   RO         4382    i.LowPassFilter_100Hz  ad8232.o
    0x08003bd0   0x08003bd0   0x0000003c   Code   RO         4290    i.MLX90614_Init     z_mlx.o
    0x08003c0c   0x08003c0c   0x0000004c   Code   RO         4291    i.MLX90614_Read16   z_mlx.o
    0x08003c58   0x08003c58   0x00000010   Code   RO         4293    i.MLX90614_ReadObjectTempC  z_mlx.o
    0x08003c68   0x08003c68   0x00000034   Code   RO         4294    i.MLX90614_ReadTemp  z_mlx.o
    0x08003c9c   0x08003c9c   0x0000008c   Code   RO         4295    i.MLX_ReadByte      z_mlx.o
    0x08003d28   0x08003d28   0x0000002c   Code   RO         4296    i.MLX_SDA_Mode      z_mlx.o
    0x08003d54   0x08003d54   0x0000005c   Code   RO         4297    i.MLX_SendByte      z_mlx.o
    0x08003db0   0x08003db0   0x0000003c   Code   RO         4298    i.MLX_Start         z_mlx.o
    0x08003dec   0x08003dec   0x0000003c   Code   RO         4299    i.MLX_Stop          z_mlx.o
    0x08003e28   0x08003e28   0x0000004c   Code   RO         4300    i.MLX_WaitAck       z_mlx.o
    0x08003e74   0x08003e74   0x00000120   Code   RO         4168    i.Main_Menu_Display  z_screen.o
    0x08003f94   0x08003f94   0x0000008c   Code   RO         4169    i.Map_Value_To_Y    z_screen.o
    0x08004020   0x08004020   0x00000004   Code   RO         3212    i.MemManage_Handler  stm32f10x_it.o
    0x08004024   0x08004024   0x0000004c   Code   RO         4383    i.MovingAverageFilter  ad8232.o
    0x08004070   0x08004070   0x00000002   Code   RO         3213    i.NMI_Handler       stm32f10x_it.o
    0x08004072   0x08004072   0x00000002   PAD
    0x08004074   0x08004074   0x00000070   Code   RO          137    i.NVIC_Init         misc.o
    0x080040e4   0x080040e4   0x00000014   Code   RO          138    i.NVIC_PriorityGroupConfig  misc.o
    0x080040f8   0x080040f8   0x000000b4   Code   RO         4384    i.NotchFilter_50Hz  ad8232.o
    0x080041ac   0x080041ac   0x0000000c   Code   RO         1646    i.PWR_BackupAccessCmd  stm32f10x_pwr.o
    0x080041b8   0x080041b8   0x00000002   Code   RO         3214    i.PendSV_Handler    stm32f10x_it.o
    0x080041ba   0x080041ba   0x00000002   PAD
    0x080041bc   0x080041bc   0x00000018   Code   RO         1706    i.RCC_ADCCLKConfig  stm32f10x_rcc.o
    0x080041d4   0x080041d4   0x00000020   Code   RO         1707    i.RCC_AHBPeriphClockCmd  stm32f10x_rcc.o
    0x080041f4   0x080041f4   0x00000020   Code   RO         1708    i.RCC_APB1PeriphClockCmd  stm32f10x_rcc.o
    0x08004214   0x08004214   0x00000020   Code   RO         1710    i.RCC_APB2PeriphClockCmd  stm32f10x_rcc.o
    0x08004234   0x08004234   0x000000d4   Code   RO         1718    i.RCC_GetClocksFreq  stm32f10x_rcc.o
    0x08004308   0x08004308   0x0000003c   Code   RO         1719    i.RCC_GetFlagStatus  stm32f10x_rcc.o
    0x08004344   0x08004344   0x00000034   Code   RO         1726    i.RCC_LSEConfig     stm32f10x_rcc.o
    0x08004378   0x08004378   0x0000000c   Code   RO         1733    i.RCC_RTCCLKCmd     stm32f10x_rcc.o
    0x08004384   0x08004384   0x00000010   Code   RO         1734    i.RCC_RTCCLKConfig  stm32f10x_rcc.o
    0x08004394   0x08004394   0x00000014   Code   RO         1908    i.RTC_EnterConfigMode  stm32f10x_rtc.o
    0x080043a8   0x080043a8   0x00000014   Code   RO         1909    i.RTC_ExitConfigMode  stm32f10x_rtc.o
    0x080043bc   0x080043bc   0x00000014   Code   RO         1910    i.RTC_GetCounter    stm32f10x_rtc.o
    0x080043d0   0x080043d0   0x0000004e   Code   RO         5224    i.RTC_Init          z_rtc.o
    0x0800441e   0x0800441e   0x00000002   PAD
    0x08004420   0x08004420   0x0000001c   Code   RO         1916    i.RTC_SetCounter    stm32f10x_rtc.o
    0x0800443c   0x0800443c   0x00000020   Code   RO         1917    i.RTC_SetPrescaler  stm32f10x_rtc.o
    0x0800445c   0x0800445c   0x00000014   Code   RO         1918    i.RTC_WaitForLastTask  stm32f10x_rtc.o
    0x08004470   0x08004470   0x00000024   Code   RO         1919    i.RTC_WaitForSynchro  stm32f10x_rtc.o
    0x08004494   0x08004494   0x000001d4   Code   RO         4464    i.Render_NEUQ_Vector  z_logo.o
    0x08004668   0x08004668   0x0000011c   Code   RO         4876    i.SDEnWideBus       bsp_sdio_sdcard.o
    0x08004784   0x08004784   0x0000000c   Code   RO         1997    i.SDIO_ClearFlag    stm32f10x_sdio.o
    0x08004790   0x08004790   0x0000000c   Code   RO         1998    i.SDIO_ClearITPendingBit  stm32f10x_sdio.o
    0x0800479c   0x0800479c   0x0000000c   Code   RO         1999    i.SDIO_ClockCmd     stm32f10x_sdio.o
    0x080047a8   0x080047a8   0x0000000c   Code   RO         2002    i.SDIO_DMACmd       stm32f10x_sdio.o
    0x080047b4   0x080047b4   0x00000030   Code   RO         2003    i.SDIO_DataConfig   stm32f10x_sdio.o
    0x080047e4   0x080047e4   0x00000024   Code   RO         2005    i.SDIO_DeInit       stm32f10x_sdio.o
    0x08004808   0x08004808   0x0000000c   Code   RO         2006    i.SDIO_GetCommandResponse  stm32f10x_sdio.o
    0x08004814   0x08004814   0x00000018   Code   RO         2009    i.SDIO_GetFlagStatus  stm32f10x_sdio.o
    0x0800482c   0x0800482c   0x00000010   Code   RO         2011    i.SDIO_GetPowerState  stm32f10x_sdio.o
    0x0800483c   0x0800483c   0x00000018   Code   RO         2012    i.SDIO_GetResponse  stm32f10x_sdio.o
    0x08004854   0x08004854   0x00000008   Code   RO         4877    i.SDIO_IRQHandler   bsp_sdio_sdcard.o
    0x0800485c   0x0800485c   0x00000020   Code   RO         2013    i.SDIO_ITConfig     stm32f10x_sdio.o
    0x0800487c   0x0800487c   0x00000030   Code   RO         2014    i.SDIO_Init         stm32f10x_sdio.o
    0x080048ac   0x080048ac   0x0000000c   Code   RO         2015    i.SDIO_ReadData     stm32f10x_sdio.o
    0x080048b8   0x080048b8   0x0000002c   Code   RO         2017    i.SDIO_SendCommand  stm32f10x_sdio.o
    0x080048e4   0x080048e4   0x0000001c   Code   RO         2019    i.SDIO_SetPowerState  stm32f10x_sdio.o
    0x08004900   0x08004900   0x00000038   Code   RO         5169    i.SD_Card_Init      z_tf.o
    0x08004938   0x08004938   0x00000010   Code   RO         4878    i.SD_DMAEndOfTransferStatus  bsp_sdio_sdcard.o
    0x08004948   0x08004948   0x00000064   Code   RO         4879    i.SD_DMA_RxConfig   bsp_sdio_sdcard.o
    0x080049ac   0x080049ac   0x00000064   Code   RO         4880    i.SD_DMA_TxConfig   bsp_sdio_sdcard.o
    0x08004a10   0x08004a10   0x0000000c   Code   RO         4882    i.SD_Detect         bsp_sdio_sdcard.o
    0x08004a1c   0x08004a1c   0x00000094   Code   RO         4883    i.SD_EnableWideBusOperation  bsp_sdio_sdcard.o
    0x08004ab0   0x08004ab0   0x0000030c   Code   RO         4885    i.SD_GetCardInfo    bsp_sdio_sdcard.o
    0x08004dbc   0x08004dbc   0x0000001a   Code   RO         4887    i.SD_GetState       bsp_sdio_sdcard.o
    0x08004dd6   0x08004dd6   0x0000001e   Code   RO         4888    i.SD_GetStatus      bsp_sdio_sdcard.o
    0x08004df4   0x08004df4   0x00000070   Code   RO         4890    i.SD_Init           bsp_sdio_sdcard.o
    0x08004e64   0x08004e64   0x0000013c   Code   RO         4891    i.SD_InitializeCards  bsp_sdio_sdcard.o
    0x08004fa0   0x08004fa0   0x0000005c   Code   RO         5170    i.SD_Log_Dashboard  z_tf.o
    0x08004ffc   0x08004ffc   0x0000007c   Code   RO         5171    i.SD_Log_Data_With_RTC  z_tf.o
    0x08005078   0x08005078   0x00000394   Code   RO         5174    i.SD_Plot_Health_History  z_tf.o
    0x0800540c   0x0800540c   0x00000188   Code   RO         4893    i.SD_PowerON        bsp_sdio_sdcard.o
    0x08005594   0x08005594   0x00000058   Code   RO         4894    i.SD_ProcessIRQSrc  bsp_sdio_sdcard.o
    0x080055ec   0x080055ec   0x000000f8   Code   RO         4896    i.SD_ReadMultiBlocks  bsp_sdio_sdcard.o
    0x080056e4   0x080056e4   0x00000034   Code   RO         4897    i.SD_SelectDeselect  bsp_sdio_sdcard.o
    0x08005718   0x08005718   0x00000038   Code   RO         4899    i.SD_SendStatus     bsp_sdio_sdcard.o
    0x08005750   0x08005750   0x00000244   Code   RO         5175    i.SD_Test_Process   z_tf.o
    0x08005994   0x08005994   0x00000034   Code   RO         4901    i.SD_WaitReadOperation  bsp_sdio_sdcard.o
    0x080059c8   0x080059c8   0x0000003c   Code   RO         4902    i.SD_WaitWriteOperation  bsp_sdio_sdcard.o
    0x08005a04   0x08005a04   0x00000158   Code   RO         4904    i.SD_WriteMultiBlocks  bsp_sdio_sdcard.o
    0x08005b5c   0x08005b5c   0x00000018   Code   RO         2187    i.SPI_Cmd           stm32f10x_spi.o
    0x08005b74   0x08005b74   0x00000050   Code   RO         3336    i.SPI_FLASH_BufferRead  bsp_spi_flash.o
    0x08005bc4   0x08005bc4   0x000000c0   Code   RO         3339    i.SPI_FLASH_Init    bsp_spi_flash.o
    0x08005c84   0x08005c84   0x00000078   Code   RO         3345    i.SPI_FLASH_SendByte  bsp_spi_flash.o
    0x08005cfc   0x08005cfc   0x00000012   Code   RO         2195    i.SPI_I2S_GetFlagStatus  stm32f10x_spi.o
    0x08005d0e   0x08005d0e   0x00000006   Code   RO         2198    i.SPI_I2S_ReceiveData  stm32f10x_spi.o
    0x08005d14   0x08005d14   0x00000004   Code   RO         2199    i.SPI_I2S_SendData  stm32f10x_spi.o
    0x08005d18   0x08005d18   0x0000003c   Code   RO         2200    i.SPI_Init          stm32f10x_spi.o
    0x08005d54   0x08005d54   0x00000040   Code   RO         3352    i.SPI_TIMEOUT_UserCallback  bsp_spi_flash.o
    0x08005d94   0x08005d94   0x000000b4   Code   RO         4170    i.SPO2_Page_Init    z_screen.o
    0x08005e48   0x08005e48   0x000001c4   Code   RO         4171    i.SPO2_Page_Update  z_screen.o
    0x0800600c   0x0800600c   0x00000002   Code   RO         3215    i.SVC_Handler       stm32f10x_it.o
    0x0800600e   0x0800600e   0x00000008   Code   RO           24    i.SetSysClock       system_stm32f10x.o
    0x08006016   0x08006016   0x00000002   PAD
    0x08006018   0x08006018   0x000000e0   Code   RO           25    i.SetSysClockTo72   system_stm32f10x.o
    0x080060f8   0x080060f8   0x000000ec   Code   RO         4172    i.Settings_Page_Init  z_screen.o
    0x080061e4   0x080061e4   0x00000104   Code   RO         4173    i.Settings_Page_Update  z_screen.o
    0x080062e8   0x080062e8   0x0000014c   Code   RO         4465    i.Show_Startup_Logo  z_logo.o
    0x08006434   0x08006434   0x00000028   Code   RO          141    i.SysTick_CLKSourceConfig  misc.o
    0x0800645c   0x0800645c   0x00000002   Code   RO         3216    i.SysTick_Handler   stm32f10x_it.o
    0x0800645e   0x0800645e   0x00000002   PAD
    0x08006460   0x08006460   0x00000060   Code   RO           27    i.SystemInit        system_stm32f10x.o
    0x080064c0   0x080064c0   0x00000004   Code   RO         4905    i.TM_FATFS_SDIO_WriteEnabled  bsp_sdio_sdcard.o
    0x080064c4   0x080064c4   0x00000074   Code   RO         4906    i.TM_FATFS_SD_SDIO_disk_initialize  bsp_sdio_sdcard.o
    0x08006538   0x08006538   0x0000004c   Code   RO         4907    i.TM_FATFS_SD_SDIO_disk_ioctl  bsp_sdio_sdcard.o
    0x08006584   0x08006584   0x000000b0   Code   RO         4908    i.TM_FATFS_SD_SDIO_disk_read  bsp_sdio_sdcard.o
    0x08006634   0x08006634   0x00000038   Code   RO         4909    i.TM_FATFS_SD_SDIO_disk_status  bsp_sdio_sdcard.o
    0x0800666c   0x0800666c   0x000000b2   Code   RO         4910    i.TM_FATFS_SD_SDIO_disk_write  bsp_sdio_sdcard.o
    0x0800671e   0x0800671e   0x00000002   PAD
    0x08006720   0x08006720   0x00000054   Code   RO         4174    i.UI_Display_Handler  z_screen.o
    0x08006774   0x08006774   0x000003b8   Code   RO         4175    i.UI_Touch_Handler  z_screen.o
    0x08006b2c   0x08006b2c   0x00000074   Code   RO         3277    i.USART2_IRQHandler  bsp_usart.o
    0x08006ba0   0x08006ba0   0x0000001e   Code   RO         2875    i.USART_ClearITPendingBit  stm32f10x_usart.o
    0x08006bbe   0x08006bbe   0x00000018   Code   RO         2878    i.USART_Cmd         stm32f10x_usart.o
    0x08006bd6   0x08006bd6   0x00000002   PAD
    0x08006bd8   0x08006bd8   0x00000080   Code   RO         3278    i.USART_Config      bsp_usart.o
    0x08006c58   0x08006c58   0x0000001a   Code   RO         2881    i.USART_GetFlagStatus  stm32f10x_usart.o
    0x08006c72   0x08006c72   0x00000054   Code   RO         2882    i.USART_GetITStatus  stm32f10x_usart.o
    0x08006cc6   0x08006cc6   0x0000004a   Code   RO         2884    i.USART_ITConfig    stm32f10x_usart.o
    0x08006d10   0x08006d10   0x000000d8   Code   RO         2885    i.USART_Init        stm32f10x_usart.o
    0x08006de8   0x08006de8   0x0000000a   Code   RO         2892    i.USART_ReceiveData  stm32f10x_usart.o
    0x08006df2   0x08006df2   0x00000008   Code   RO         2895    i.USART_SendData    stm32f10x_usart.o
    0x08006dfa   0x08006dfa   0x00000004   Code   RO         3217    i.UsageFault_Handler  stm32f10x_it.o
    0x08006dfe   0x08006dfe   0x00000002   PAD
    0x08006e00   0x08006e00   0x000000e0   Code   RO         4176    i.Waveform_Menu_Init  z_screen.o
    0x08006ee0   0x08006ee0   0x0000001e   Code   RO         3715    i.XPT2046_DelayUS   bsp_xpt2046_lcd.o
    0x08006efe   0x08006efe   0x00000002   PAD
    0x08006f00   0x08006f00   0x000000ec   Code   RO         3716    i.XPT2046_Get_TouchedPoint  bsp_xpt2046_lcd.o
    0x08006fec   0x08006fec   0x00000090   Code   RO         3717    i.XPT2046_Init      bsp_xpt2046_lcd.o
    0x0800707c   0x0800707c   0x00000010   Code   RO         3718    i.XPT2046_ReadAdc   bsp_xpt2046_lcd.o
    0x0800708c   0x0800708c   0x00000158   Code   RO         3719    i.XPT2046_ReadAdc_Smooth_XY  bsp_xpt2046_lcd.o
    0x080071e4   0x080071e4   0x00000026   Code   RO         3720    i.XPT2046_ReadAdc_XY  bsp_xpt2046_lcd.o
    0x0800720a   0x0800720a   0x00000002   PAD
    0x0800720c   0x0800720c   0x00000050   Code   RO         3721    i.XPT2046_ReadCMD   bsp_xpt2046_lcd.o
    0x0800725c   0x0800725c   0x00000064   Code   RO         3727    i.XPT2046_WriteCMD  bsp_xpt2046_lcd.o
    0x080072c0   0x080072c0   0x00000020   Code   RO         5534    i.__0printf         mc_w.l(printfa.o)
    0x080072e0   0x080072e0   0x00000028   Code   RO         5536    i.__0sprintf        mc_w.l(printfa.o)
    0x08007308   0x08007308   0x00000028   Code   RO         5673    i.__ARM_fpclassify  m_ws.l(fpclassify.o)
    0x08007330   0x08007330   0x00000388   Code   RO         5613    i.__ieee754_rem_pio2  m_ws.l(rred.o)
    0x080076b8   0x080076b8   0x000000fc   Code   RO         5596    i.__kernel_cos      m_ws.l(cos_i.o)
    0x080077b4   0x080077b4   0x000000aa   Code   RO         5675    i.__kernel_poly     m_ws.l(poly.o)
    0x0800785e   0x0800785e   0x00000002   PAD
    0x08007860   0x08007860   0x000000ec   Code   RO         5618    i.__kernel_sin      m_ws.l(sin_i.o)
    0x0800794c   0x0800794c   0x00000006   Code   RO         5600    i.__mathlib_dbl_infnan  m_ws.l(dunder.o)
    0x08007952   0x08007952   0x0000000c   Code   RO         5602    i.__mathlib_dbl_invalid  m_ws.l(dunder.o)
    0x0800795e   0x0800795e   0x00000002   PAD
    0x08007960   0x08007960   0x00000010   Code   RO         5605    i.__mathlib_dbl_underflow  m_ws.l(dunder.o)
    0x08007970   0x08007970   0x0000000e   Code   RO         5698    i.__scatterload_copy  mc_w.l(handlers.o)
    0x0800797e   0x0800797e   0x00000002   Code   RO         5699    i.__scatterload_null  mc_w.l(handlers.o)
    0x08007980   0x08007980   0x0000000e   Code   RO         5700    i.__scatterload_zeroinit  mc_w.l(handlers.o)
    0x0800798e   0x0800798e   0x00000002   PAD
    0x08007990   0x08007990   0x0000000c   Code   RO         5649    i.__set_errno       mc_w.l(errno.o)
    0x0800799c   0x0800799c   0x00000184   Code   RO         5541    i._fp_digits        mc_w.l(printfa.o)
    0x08007b20   0x08007b20   0x0000000e   Code   RO         5568    i._is_digit         mc_w.l(scanf_fp.o)
    0x08007b2e   0x08007b2e   0x00000002   PAD
    0x08007b30   0x08007b30   0x000006b4   Code   RO         5542    i._printf_core      mc_w.l(printfa.o)
    0x080081e4   0x080081e4   0x00000024   Code   RO         5543    i._printf_post_padding  mc_w.l(printfa.o)
    0x08008208   0x08008208   0x0000002e   Code   RO         5544    i._printf_pre_padding  mc_w.l(printfa.o)
    0x08008236   0x08008236   0x0000000a   Code   RO         5546    i._sputc            mc_w.l(printfa.o)
    0x08008240   0x08008240   0x00000090   Code   RO         4541    i.check_fs          ff.o
    0x080082d0   0x080082d0   0x00000014   Code   RO         4542    i.chk_chr           ff.o
    0x080082e4   0x080082e4   0x0000001a   Code   RO         4543    i.clust2sect        ff.o
    0x080082fe   0x080082fe   0x00000002   PAD
    0x08008300   0x08008300   0x000000a0   Code   RO         4544    i.cmp_lfn           ff.o
    0x080083a0   0x080083a0   0x0000009c   Code   RO         5267    i.cos               m_ws.l(cos.o)
    0x0800843c   0x0800843c   0x000000d6   Code   RO         4545    i.create_chain      ff.o
    0x08008512   0x08008512   0x00000002   PAD
    0x08008514   0x08008514   0x00000270   Code   RO         4546    i.create_name       ff.o
    0x08008784   0x08008784   0x0000003c   Code   RO         4097    i.delay_init        delay.o
    0x080087c0   0x080087c0   0x0000003c   Code   RO         4098    i.delay_ms          delay.o
    0x080087fc   0x080087fc   0x0000003c   Code   RO         4099    i.delay_us          delay.o
    0x08008838   0x08008838   0x0000005c   Code   RO         4547    i.dir_alloc         ff.o
    0x08008894   0x08008894   0x000000ea   Code   RO         4548    i.dir_find          ff.o
    0x0800897e   0x0800897e   0x0000013a   Code   RO         4549    i.dir_next          ff.o
    0x08008ab8   0x08008ab8   0x0000012a   Code   RO         4551    i.dir_register      ff.o
    0x08008be2   0x08008be2   0x000000c8   Code   RO         4553    i.dir_sdi           ff.o
    0x08008caa   0x08008caa   0x00000022   Code   RO         4487    i.disk_initialize   diskio.o
    0x08008ccc   0x08008ccc   0x0000002e   Code   RO         4488    i.disk_ioctl        diskio.o
    0x08008cfa   0x08008cfa   0x00000036   Code   RO         4489    i.disk_read         diskio.o
    0x08008d30   0x08008d30   0x00000022   Code   RO         4490    i.disk_status       diskio.o
    0x08008d52   0x08008d52   0x0000003c   Code   RO         4491    i.disk_write        diskio.o
    0x08008d8e   0x08008d8e   0x00000020   Code   RO         4555    i.f_close           ff.o
    0x08008dae   0x08008dae   0x00000052   Code   RO         4558    i.f_gets            ff.o
    0x08008e00   0x08008e00   0x0000019a   Code   RO         4559    i.f_lseek           ff.o
    0x08008f9a   0x08008f9a   0x00000002   PAD
    0x08008f9c   0x08008f9c   0x0000005c   Code   RO         4562    i.f_mount           ff.o
    0x08008ff8   0x08008ff8   0x0000017e   Code   RO         4563    i.f_open            ff.o
    0x08009176   0x08009176   0x000001d0   Code   RO         4568    i.f_read            ff.o
    0x08009346   0x08009346   0x000000b0   Code   RO         4572    i.f_sync            ff.o
    0x080093f6   0x080093f6   0x0000020c   Code   RO         4576    i.f_write           ff.o
    0x08009602   0x08009602   0x00000002   PAD
    0x08009604   0x08009604   0x0000007c   Code   RO         5134    i.ff_convert        cc936.o
    0x08009680   0x08009680   0x0000005c   Code   RO         5135    i.ff_wtoupper       cc936.o
    0x080096dc   0x080096dc   0x000003d8   Code   RO         4577    i.find_volume       ff.o
    0x08009ab4   0x08009ab4   0x00000080   Code   RO         4578    i.fit_lfn           ff.o
    0x08009b34   0x08009b34   0x00000090   Code   RO         4579    i.follow_path       ff.o
    0x08009bc4   0x08009bc4   0x00000024   Code   RO         3280    i.fputc             bsp_usart.o
    0x08009be8   0x08009be8   0x000000cc   Code   RO         4580    i.gen_numname       ff.o
    0x08009cb4   0x08009cb4   0x0000013e   Code   RO         4581    i.get_fat           ff.o
    0x08009df2   0x08009df2   0x00000002   PAD
    0x08009df4   0x08009df4   0x00000008   Code   RO         4492    i.get_fattime       diskio.o
    0x08009dfc   0x08009dfc   0x0000004a   Code   RO         4583    i.get_ldnumber      ff.o
    0x08009e46   0x08009e46   0x00000020   Code   RO         4584    i.ld_clust          ff.o
    0x08009e66   0x08009e66   0x00000002   PAD
    0x08009e68   0x08009e68   0x00000050   Code   RO         3108    i.main              main.o
    0x08009eb8   0x08009eb8   0x00000026   Code   RO         4585    i.mem_cmp           ff.o
    0x08009ede   0x08009ede   0x0000001a   Code   RO         4586    i.mem_cpy           ff.o
    0x08009ef8   0x08009ef8   0x00000014   Code   RO         4587    i.mem_set           ff.o
    0x08009f0c   0x08009f0c   0x00000034   Code   RO         4588    i.move_window       ff.o
    0x08009f40   0x08009f40   0x00000188   Code   RO         4590    i.put_fat           ff.o
    0x0800a0c8   0x0800a0c8   0x0000006c   Code   RO         4592    i.remove_chain      ff.o
    0x0800a134   0x0800a134   0x000000a0   Code   RO         5275    i.sin               m_ws.l(sin.o)
    0x0800a1d4   0x0800a1d4   0x00000010   Code   RO         4593    i.st_clust          ff.o
    0x0800a1e4   0x0800a1e4   0x00000020   Code   RO         4594    i.sum_sfn           ff.o
    0x0800a204   0x0800a204   0x000000c8   Code   RO         4595    i.sync_fs           ff.o
    0x0800a2cc   0x0800a2cc   0x00000052   Code   RO         4596    i.sync_window       ff.o
    0x0800a31e   0x0800a31e   0x00000032   Code   RO         4597    i.validate          ff.o
    0x0800a350   0x0800a350   0x00003b60   Data   RO         3817    .constdata          fonts.o
    0x0800deb0   0x0800deb0   0x00000030   Data   RO         4386    .constdata          ad8232.o
    0x0800dee0   0x0800dee0   0x0000003c   Data   RO         4466    .constdata          z_logo.o
    0x0800df1c   0x0800df1c   0x0000003a   Data   RO         4598    .constdata          ff.o
    0x0800df56   0x0800df56   0x0002b0c0   Data   RO         5136    .constdata          cc936.o
    0x08039016   0x08039016   0x00000002   PAD
    0x08039018   0x08039018   0x00000030   Data   RO         5597    .constdata          m_ws.l(cos_i.o)
    0x08039048   0x08039048   0x000000c8   Data   RO         5615    .constdata          m_ws.l(rred.o)
    0x08039110   0x08039110   0x00000028   Data   RO         5619    .constdata          m_ws.l(sin_i.o)
    0x08039138   0x08039138   0x00000040   Data   RO         5694    .constdata          mc_w.l(ctype_c.o)
    0x08039178   0x08039178   0x00000020   Data   RO         5696    Region$$Table       anon$$obj.o


    Execution Region RW_IRAM1 (Exec base: 0x20000000, Load base: 0x08039198, Size: 0x00002460, Max: 0x00010000, ABSOLUTE, COMPRESSED[0x00000114])

    Exec Addr    Load Addr    Size         Type   Attr      Idx    E Section Name        Object

    0x20000000   COMPRESSED   0x00000014   Data   RW         1738    .data               stm32f10x_rcc.o
    0x20000014   COMPRESSED   0x00000003   Data   RW         3282    .data               bsp_usart.o
    0x20000017   COMPRESSED   0x00000001   PAD
    0x20000018   COMPRESSED   0x00000004   Data   RW         3353    .data               bsp_spi_flash.o
    0x2000001c   COMPRESSED   0x00000010   Data   RW         3488    .data               bsp_ili9341_lcd.o
    0x2000002c   COMPRESSED   0x000000d0   Data   RW         3728    .data               bsp_xpt2046_lcd.o
    0x200000fc   COMPRESSED   0x00000019   Data   RW         3818    .data               fonts.o
    0x20000115   COMPRESSED   0x00000001   PAD
    0x20000116   COMPRESSED   0x00000004   Data   RW         4100    .data               delay.o
    0x2000011a   COMPRESSED   0x00000002   PAD
    0x2000011c   COMPRESSED   0x00000041   Data   RW         4178    .data               z_screen.o
    0x2000015d   COMPRESSED   0x00000001   PAD
    0x2000015e   COMPRESSED   0x00000004   Data   RW         4357    .data               bsp_adc.o
    0x20000162   COMPRESSED   0x00000002   PAD
    0x20000164   COMPRESSED   0x0000000c   Data   RW         4387    .data               ad8232.o
    0x20000170   COMPRESSED   0x0000000a   Data   RW         4599    .data               ff.o
    0x2000017a   COMPRESSED   0x00000002   PAD
    0x2000017c   COMPRESSED   0x00000015   Data   RW         4913    .data               bsp_sdio_sdcard.o
    0x20000191   COMPRESSED   0x00000001   PAD
    0x20000192   COMPRESSED   0x00000002   Data   RW         5177    .data               z_tf.o
    0x20000194   COMPRESSED   0x00000004   Data   RW         5640    .data               mc_w.l(stdout.o)
    0x20000198   COMPRESSED   0x00000004   Data   RW         5650    .data               mc_w.l(errno.o)
    0x2000019c        -       0x00000058   Zero   RW         3281    .bss                bsp_usart.o
    0x200001f4        -       0x00000118   Zero   RW         4177    .bss                z_screen.o
    0x2000030c        -       0x00000050   Zero   RW         4385    .bss                ad8232.o
    0x2000035c   COMPRESSED   0x00000004   PAD
    0x20000360        -       0x000000cc   Zero   RW         4912    .bss                bsp_sdio_sdcard.o
    0x2000042c        -       0x00001030   Zero   RW         5176    .bss                z_tf.o
    0x2000145c   COMPRESSED   0x00000004   PAD
    0x20001460        -       0x00001000   Zero   RW            1    STACK               startup_stm32f10x_hd.o


==============================================================================

Image component sizes


      Code (inc. data)   RO Data    RW Data    ZI Data      Debug   Object Name

       680         68         48         12         80       4322   ad8232.o
       300         16          0          4          0       2037   bsp_adc.o
      3520        170          0         16          0      19759   bsp_ili9341_lcd.o
      4770        304          0         21        204      26662   bsp_sdio_sdcard.o
       456         76          0          4          0       3017   bsp_spi_flash.o
       476         46          0          3         88       3553   bsp_usart.o
       988         34          0        208          0       9498   bsp_xpt2046_lcd.o
       216         16     176320          0          0       2603   cc936.o
         0          0          0          0          0       4516   core_cm3.o
       180         16          0          4          0       1687   delay.o
       236          4          0          0          0       5464   diskio.o
      7388         66         58         10          0      37026   ff.o
        84         10      15200         25          0       2191   fonts.o
        80          4          0          0          0      16159   main.o
       172         22          0          0          0       2045   misc.o
        36          8        304          0       4096        860   startup_stm32f10x_hd.o
       390         10          0          0          0       7365   stm32f10x_adc.o
       488         26          0          0          0       4530   stm32f10x_dma.o
       282          6          0          0          0       1805   stm32f10x_fsmc.o
       304          0          0          0          0       3640   stm32f10x_gpio.o
        26          0          0          0          0       3842   stm32f10x_it.o
        12          6          0          0          0        506   stm32f10x_pwr.o
       472         64          0         20          0       7728   stm32f10x_rcc.o
       176         34          0          0          0       3503   stm32f10x_rtc.o
       372         86          0          0          0       9627   stm32f10x_sdio.o
       112          0          0          0          0       3814   stm32f10x_spi.o
       472          6          0          0          0       6771   stm32f10x_usart.o
       328         28          0          0          0     273005   system_stm32f10x.o
       800         88         60          0          0       2156   z_logo.o
       676         48          0          0          0       5043   z_mlx.o
        78          0          0          0          0        467   z_rtc.o
      6004        804          0         65        280      15703   z_screen.o
      1768        554          0          2       4144       4601   z_tf.o

    ----------------------------------------------------------------------
     32384       2620     192024        404       8900     495505   Object Totals
         0          0         32          0          0          0   (incl. Generated)
        42          0          2         10          8          0   (incl. Padding)

    ----------------------------------------------------------------------

      Code (inc. data)   RO Data    RW Data    ZI Data      Debug   Library Member Name

       156          8          0          0          0        104   cos.o
       252         22         48          0          0        124   cos_i.o
        34          6          0          0          0        204   dunder.o
        40          0          0          0          0         68   fpclassify.o
       170          0          0          0          0         96   poly.o
       904         76        200          0          0        140   rred.o
       160         10          0          0          0        108   sin.o
       236         12         40          0          0        128   sin_i.o
        56          8          0          0          0         84   __0sscanf.o
        86          0          0          0          0          0   __dczerorl2.o
        28          0          0          0          0         68   _chval.o
       816          6          0          0          0        112   _scanf.o
       332          0          0          0          0         96   _scanf_int.o
        64          0          0          0          0         84   _sgetc.o
        40          6         64          0          0         68   ctype_c.o
         0          0          0          0          0          0   entry.o
         0          0          0          0          0          0   entry10a.o
         0          0          0          0          0          0   entry11a.o
         4          0          0          0          0          0   entry12b.o
         8          4          0          0          0          0   entry2.o
         4          0          0          0          0          0   entry5.o
         0          0          0          0          0          0   entry7b.o
         0          0          0          0          0          0   entry8b.o
         8          4          0          0          0          0   entry9a.o
        12          6          0          4          0         68   errno.o
        30          0          0          0          0          0   handlers.o
        36          8          0          0          0         68   init.o
        10          0          0          0          0         68   isspace_c.o
         0          0          0          0          0          0   iusefp.o
        30          0          0          0          0         68   llshl.o
        36          0          0          0          0         68   llsshr.o
        32          0          0          0          0         68   llushr.o
        36          0          0          0          0         68   memcpya.o
        36          0          0          0          0        108   memseta.o
      2268         96          0          0          0        616   printfa.o
        40          8          0          0          0         84   scanf_char.o
       878         12          0          0          0        216   scanf_fp.o
         0          0          0          4          0          0   stdout.o
        20          0          0          0          0         68   strchr.o
        28          0          0          0          0         76   strcmp.o
        14          0          0          0          0         68   strlen.o
        36          0          0          0          0         80   strstr.o
        44          0          0          0          0         80   uidiv.o
        98          0          0          0          0         92   uldiv.o
        48          0          0          0          0         68   cdrcmple.o
        20          0          0          0          0         68   cfcmple.o
        20          0          0          0          0         68   cfrcmple.o
        56          0          0          0          0         88   d2f.o
       334          0          0          0          0        148   dadd.o
       222          0          0          0          0        100   ddiv.o
       186          0          0          0          0        176   depilogue.o
        62          0          0          0          0         80   dfixi.o
        48          0          0          0          0         68   dfixul.o
        34          0          0          0          0         76   dflti.o
        26          0          0          0          0         76   dfltui.o
        24          0          0          0          0         76   dfltul.o
       228          0          0          0          0         96   dmul.o
        46          0          0          0          0         80   dscalb.o
        38          0          0          0          0         68   f2d.o
       176          0          0          0          0        140   fadd.o
       124          0          0          0          0         88   fdiv.o
       110          0          0          0          0        168   fepilogue.o
        50          0          0          0          0         68   ffixi.o
        40          0          0          0          0         68   ffixui.o
        18          0          0          0          0         68   fflti.o
        10          0          0          0          0         68   ffltui.o
       100          0          0          0          0         76   fmul.o

    ----------------------------------------------------------------------
      9120        292        352          8          0       5528   Library Totals
        18          0          0          0          0          0   (incl. Padding)

    ----------------------------------------------------------------------

      Code (inc. data)   RO Data    RW Data    ZI Data      Debug   Library Name

      1952        134        288          0          0        972   m_ws.l
      5130        158         64          8          0       2476   mc_w.l
      2020          0          0          0          0       2080   mf_w.l

    ----------------------------------------------------------------------
      9120        292        352          8          0       5528   Library Totals

    ----------------------------------------------------------------------

==============================================================================


      Code (inc. data)   RO Data    RW Data    ZI Data      Debug   

     41504       2912     192376        412       8900     485197   Grand Totals
     41504       2912     192376        276       8900     485197   ELF Image Totals (compressed)
     41504       2912     192376        276          0          0   ROM Totals

==============================================================================

    Total RO  Size (Code + RO Data)               233880 ( 228.40kB)
    Total RW  Size (RW Data + ZI Data)              9312 (   9.09kB)
    Total ROM Size (Code + RO Data + RW Data)     234156 ( 228.67kB)

==============================================================================

